Microchip MPLAB XC8 Compiler V2.36

Linker command line:

-W-3 --edf=C:\Program Files\Microchip\xc8\v2.36\pic\dat\en_msgs.txt -cn \
  -h+dist/default/production\testproject.X.production.sym \
  --cmf=dist/default/production\testproject.X.production.cmf -z -Q18F46K80 \
  -oC:\Users\ethan\AppData\Local\Temp\xcAsgcs.4 --defsym=__MPLAB_BUILD=1 \
  -Mdist/default/production/testproject.X.production.map \
  --md=C:\Users\ethan\AppData\Local\Temp\xcAsgcs.dat -E1 -ver=XC8 Compiler \
  --acfsm=1493 -AHEAP=0F2h-0E40h -pheap=HEAP -ACODE=00h-0FFFFh \
  -ACONST=00h-0FFFFh -ASMALLCONST=0F00h-0FFFhx241 \
  -AMEDIUMCONST=0F00h-0FFFFh -ACOMRAM=01h-05Fh -AABS1=00h-0E40h \
  -ABIGRAM=01h-0E40h -ARAM=060h-0FFh,0100h-01FFhx13,0E00h-0E40h \
  -ABANK0=060h-0FFh -ABANK1=0100h-01FFh -ABANK2=0200h-02FFh \
  -ABANK3=0300h-03FFh -ABANK4=0400h-04FFh -ABANK5=0500h-05FFh \
  -ABANK6=0600h-06FFh -ABANK7=0700h-07FFh -ABANK8=0800h-08FFh \
  -ABANK9=0900h-09FFh -ABANK10=0A00h-0AFFh -ABANK11=0B00h-0BFFh \
  -ABANK12=0C00h-0CFFh -ABANK13=0D00h-0DFFh -ABANK14=0E00h-0E40h \
  -ASFR=0E41h-0EFFh,0F00h-0F5Fh,0F60h-0FFFh -ABIGSFR=0E41h-0FFFh \
  -ACONFIG=0300000h-030000Dh -AIDLOC=0200000h-0200007h \
  -AEEDATA=0F00000h-0F003FFh -peeprom_data=EEDATA \
  -preset_vec=00h,intcode=08h,intcodelo,powerup,init -pramtop=0F00h \
  -psmallconst=SMALLCONST -pmediumconst=MEDIUMCONST -pconst=CONST \
  -AFARRAM=00h-00h \
  -prdata=COMRAM,nvrram=COMRAM,nvbit=COMRAM,rbss=COMRAM,rbit=COMRAM \
  -pfarbss=FARRAM,fardata=FARRAM,nvFARRAM=FARRAM \
  -pintsave_regs=BIGRAM,bigbss=BIGRAM,bigdata=BIGRAM -pbss=RAM \
  -pidata=CODE,irdata=CODE,ibigdata=CODE,ifardata=CODE -prparam=COMRAM \
  C:\Users\ethan\AppData\Local\Temp\xcAsgcs.o \
  dist/default/production\testproject.X.production.o 

Object code version is 3.11

Machine type is 18F46K80



                Name                               Link     Load   Length Selector   Space Scale
C:\Users\ethan\AppData\Local\Temp\xcAsgcs.o
                heap                                 F2       F2      D4F       F2       7
                idloc                            200000   200000        8        0       5
                config                           300000   300000        E        0       4
                init                                 4C       4C        4        4       0
                reset_vec                             0        0        4        0       0
dist/default/production\testproject.X.production.o
                intcode                               8        8       44        4       0
                idloc                            200000   200000        8        0       5
                config                           300000   300000        E        0       4
                temp                                 35       35        1        1       1
                smallconst                          F00      F00       12      780       0
                text27                             2180     2180        2      789       0
                text26                             20F2     20F2       1C      789       0
                text24                             1A8C     1A8C      13A      789       0
                text23                             1F4A     1F4A       78      789       0
                text22                             1404     1404      254      789       0
                text21                             2128     2128       16      789       0
                text20                             2162     2162       10      789       0
                text19                             209C     209C       1E      789       0
                text18                             210E     210E       1A      789       0
                text17                             1BC6     1BC6       F2      789       0
                text16                             1E16     1E16       A2      789       0
                text15                             2172     2172        A      789       0
                text14                             1658     1658      1A4      789       0
                text13                             217C     217C        4      789       0
                text12                             2150     2150       12      789       0
                text11                             2040     2040       36      789       0
                text10                             213E     213E       12      789       0
                text9                              2076     2076       26      789       0
                text8                              20D6     20D6       1C      789       0
                text7                              20BA     20BA       1C      789       0
                text6                              1EB8     1EB8       92      789       0
                text5                              1D68     1D68       AE      789       0
                text4                               F12      F12      27A      789       0
                text3                              1948     1948      144      789       0
                text2                              1CB8     1CB8       B0      789       0
                text1                              17FC     17FC      14C      789       0
                text0                              118C     118C      278      789       0
                cstackCOMRAM                          1        1       24        1       1
                cstackBANK0                          60       60       48       60       1
                dataBANK0                            A8       A8       3C       60       1
                bssBANK0                             E4       E4        E       60       1
                bssCOMRAM                            25       25       10        1       1
                cinit                              1FC2     1FC2       42      789       0
                idataBANK0                         2004     2004       3C      789       0

TOTAL           Name                               Link     Load   Length     Space
        CLASS   HEAP           
                heap                                 F2       F2      D4F         7

        CLASS   CODE           
                intcode                               8        8       44         0
                init                                 4C       4C        4         0
                reset_vec                             0        0        4         0
                text27                             2180     2180        2         0
                text26                             20F2     20F2       1C         0
                text24                             1A8C     1A8C      13A         0
                text23                             1F4A     1F4A       78         0
                text22                             1404     1404      254         0
                text21                             2128     2128       16         0
                text20                             2162     2162       10         0
                text19                             209C     209C       1E         0
                text18                             210E     210E       1A         0
                text17                             1BC6     1BC6       F2         0
                text16                             1E16     1E16       A2         0
                text15                             2172     2172        A         0
                text14                             1658     1658      1A4         0
                text13                             217C     217C        4         0
                text12                             2150     2150       12         0
                text11                             2040     2040       36         0
                text10                             213E     213E       12         0
                text9                              2076     2076       26         0
                text8                              20D6     20D6       1C         0
                text7                              20BA     20BA       1C         0
                text6                              1EB8     1EB8       92         0
                text5                              1D68     1D68       AE         0
                text4                               F12      F12      27A         0
                text3                              1948     1948      144         0
                text2                              1CB8     1CB8       B0         0
                text1                              17FC     17FC      14C         0
                text0                              118C     118C      278         0
                cinit                              1FC2     1FC2       42         0
                idataBANK0                         2004     2004       3C         0

        CLASS   CONST          

        CLASS   SMALLCONST     
                smallconst                          F00      F00       12         0

        CLASS   MEDIUMCONST    

        CLASS   COMRAM         
                temp                                 35       35        1         1
                cstackCOMRAM                          1        1       24         1
                bssCOMRAM                            25       25       10         1

        CLASS   ABS1           

        CLASS   BIGRAM         

        CLASS   RAM            

        CLASS   BANK0          
                cstackBANK0                          60       60       48         1
                dataBANK0                            A8       A8       3C         1
                bssBANK0                             E4       E4        E         1

        CLASS   BANK1          

        CLASS   BANK2          

        CLASS   BANK3          

        CLASS   BANK4          

        CLASS   BANK5          

        CLASS   BANK6          

        CLASS   BANK7          

        CLASS   BANK8          

        CLASS   BANK9          

        CLASS   BANK10         

        CLASS   BANK11         

        CLASS   BANK12         

        CLASS   BANK13         

        CLASS   BANK14         

        CLASS   SFR            

        CLASS   BIGSFR         

        CLASS   CONFIG         
                config                           300000   300000        E         4

        CLASS   IDLOC          
                idloc                            200000   200000        8         5

        CLASS   EEDATA         

        CLASS   FARRAM         

        CLASS   STACK          



SEGMENTS        Name                           Load    Length   Top    Selector   Space  Class

                reset_vec                      000000  000004  000004         0       0  CODE    
                cstackCOMRAM                   000001  000035  000036         1       1  COMRAM  
                intcode                        000008  000048  000050         4       0  CODE    
                cstackBANK0                    000060  000092  0000F2        60       1  BANK0   
                heap                           0000F2  000D4F  000E41        F2       7  HEAP    
                smallconst                     000F00  000012  000F12       780       0  SMALLCON
                text4                          000F12  001270  002182       789       0  CODE    


UNUSED ADDRESS RANGES

        Name                Unused          Largest block    Delta
        BANK0            0000F2-0000FF                E
        BANK1            000100-0001FF              100
        BANK10           000A00-000AFF              100
        BANK11           000B00-000BFF              100
        BANK12           000C00-000CFF              100
        BANK13           000D00-000DFF              100
        BANK14           000E00-000E40               41
        BANK2            000200-0002FF              100
        BANK3            000300-0003FF              100
        BANK4            000400-0004FF              100
        BANK5            000500-0005FF              100
        BANK6            000600-0006FF              100
        BANK7            000700-0007FF              100
        BANK8            000800-0008FF              100
        BANK9            000900-0009FF              100
        BIGRAM           000036-00005F               2A
                         0000F2-000E40              D4F
        BIGSFR           000E41-000FFF              1BF
        CODE             000004-000007                4
                         000050-000EFF              EB0
                         002182-00FFFF             DE7E
        COMRAM           000036-00005F               2A
        CONST            000004-000007                4
                         000050-000EFF              EB0
                         002182-00FFFF             DE7E
        EEDATA           F00000-F003FF              400
        MEDIUMCONST      002182-00FFFF             DE7E
        RAM              0000F2-000E40              100
        SFR              000E41-000FFF               BF
        SMALLCONST       002182-00FFFF              100

                                  Symbol Table

?___awmod                                          cstackCOMRAM 000003
?___expand_heap                                    cstackCOMRAM 000003
?___simple_search_fl                               cstackCOMRAM 000003
?___wmul                                           cstackCOMRAM 000003
?_convertReg2ExtendedCANid                         cstackCOMRAM 000003
?_convertReg2StandardCANid                         cstackCOMRAM 000003
?_enterButtonGetValue                              cstackCOMRAM 000003
?_enterExitButtons                                 cstackCOMRAM 000006
?_exitButtonGetValue                               cstackCOMRAM 000003
?_malloc                                           cstackCOMRAM 000017
?_updateEncoder                                    cstackCOMRAM 000009
CAN_receive@returnValue                            cstackCOMRAM 000018
CAN_receive@tempCanMsg                             cstackCOMRAM 000016
ECAN_SetWakeUpInterruptHandler@handler             cstackCOMRAM 000003
LCD_command@command                                cstackCOMRAM 000004
LCD_init@i                                         cstackCOMRAM 000013
LCD_print@line                                     cstackCOMRAM 000008
LCD_print@pos                                      cstackCOMRAM 000007
LCD_print@x                                        cstackCOMRAM 000009
LCD_print_string@i                                 cstackCOMRAM 000010
LCD_print_string@line                              cstackCOMRAM 00000D
LCD_print_string@pos                               cstackCOMRAM 00000C
LCD_print_string@str                               cstackCOMRAM 00000A
LCD_set_pos@x                                      cstackCOMRAM 000006
LCD_set_pos@y                                      cstackCOMRAM 000005
_ANCON0                                            (abs)        000F5D
_ANCON1                                            (abs)        000F5C
_BRGCON1                                           (abs)        000E43
_BRGCON2                                           (abs)        000E44
_BRGCON3                                           (abs)        000E45
_BSEL0                                             (abs)        000E7D
_CANCON                                            (abs)        000F6F
_CANSTAT                                           (abs)        000F6E
_CAN_receive                                       text22       001404
_CIOCON                                            (abs)        000F70
_COMSTATbits                                       (abs)        000F71
_ECANCON                                           (abs)        000F72
_ECAN_Initialize                                   text14       001658
_ECAN_SetWakeUpInterruptHandler                    text15       002172
_ECAN_WAKI_ISR                                     text26       0020F2
_INTCON2bits                                       (abs)        000FF1
_INTCONbits                                        (abs)        000FF2
_INTERRUPT_Initialize                              text13       00217C
_INTERRUPT_InterruptManager                        intcode      000008
_LATA                                              (abs)        000F89
_LATB                                              (abs)        000F8A
_LATC                                              (abs)        000F8B
_LATD                                              (abs)        000F8C
_LATD5                                             (abs)        007C65
_LATD6                                             (abs)        007C66
_LATD7                                             (abs)        007C67
_LATDbits                                          (abs)        000F8C
_LATE                                              (abs)        000F8D
_LCD_command                                       text20       002162
_LCD_init                                          text16       001E16
_LCD_intake                                        text21       002128
_LCD_print                                         text18       00210E
_LCD_print_string                                  text17       001BC6
_LCD_set_pos                                       text19       00209C
_MSEL0                                             (abs)        000E79
_MSEL1                                             (abs)        000E7A
_MSEL2                                             (abs)        000E7B
_MSEL3                                             (abs)        000E7C
_OSCCON                                            (abs)        000FD3
_OSCCON2                                           (abs)        000FD2
_OSCILLATOR_Initialize                             text12       002150
_OSCTUNE                                           (abs)        000F9B
_PIE5bits                                          (abs)        000F76
_PIN_MANAGER_Initialize                            text11       002040
_PIR5bits                                          (abs)        000F77
_PORTCbits                                         (abs)        000F82
_PORTDbits                                         (abs)        000F83
_RCONbits                                          (abs)        000FD0
_REFOCON                                           (abs)        000F9A
_RXB0CONbits                                       (abs)        000F60
_RXB0D0                                            (abs)        000F66
_RXB0D1                                            (abs)        000F67
_RXB0D2                                            (abs)        000F68
_RXB0D3                                            (abs)        000F69
_RXB0D4                                            (abs)        000F6A
_RXB0D5                                            (abs)        000F6B
_RXB0D6                                            (abs)        000F6C
_RXB0D7                                            (abs)        000F6D
_RXB0DLC                                           (abs)        000F65
_RXB0EIDH                                          (abs)        000F63
_RXB0EIDL                                          (abs)        000F64
_RXB0SIDH                                          (abs)        000F61
_RXB0SIDL                                          (abs)        000F62
_RXB1CONbits                                       (abs)        000F30
_RXB1D0                                            (abs)        000F36
_RXB1D1                                            (abs)        000F37
_RXB1D2                                            (abs)        000F38
_RXB1D3                                            (abs)        000F39
_RXB1D4                                            (abs)        000F3A
_RXB1D5                                            (abs)        000F3B
_RXB1D6                                            (abs)        000F3C
_RXB1D7                                            (abs)        000F3D
_RXB1DLC                                           (abs)        000F35
_RXB1EIDH                                          (abs)        000F33
_RXB1EIDL                                          (abs)        000F34
_RXB1SIDH                                          (abs)        000F31
_RXB1SIDL                                          (abs)        000F32
_RXF0EIDH                                          (abs)        000EE2
_RXF0EIDL                                          (abs)        000EE3
_RXF0SIDH                                          (abs)        000EE0
_RXF0SIDL                                          (abs)        000EE1
_RXF10EIDH                                         (abs)        000E5A
_RXF10EIDL                                         (abs)        000E5B
_RXF10SIDH                                         (abs)        000E58
_RXF10SIDL                                         (abs)        000E59
_RXF11EIDH                                         (abs)        000E5E
_RXF11EIDL                                         (abs)        000E5F
_RXF11SIDH                                         (abs)        000E5C
_RXF11SIDL                                         (abs)        000E5D
_RXF12EIDH                                         (abs)        000E62
_RXF12EIDL                                         (abs)        000E63
_RXF12SIDH                                         (abs)        000E60
_RXF12SIDL                                         (abs)        000E61
_RXF13EIDH                                         (abs)        000E66
_RXF13EIDL                                         (abs)        000E67
_RXF13SIDH                                         (abs)        000E64
_RXF13SIDL                                         (abs)        000E65
_RXF14EIDH                                         (abs)        000E6A
_RXF14EIDL                                         (abs)        000E6B
_RXF14SIDH                                         (abs)        000E68
_RXF14SIDL                                         (abs)        000E69
_RXF15EIDH                                         (abs)        000E6E
_RXF15EIDL                                         (abs)        000E6F
_RXF15SIDH                                         (abs)        000E6C
_RXF15SIDL                                         (abs)        000E6D
_RXF1EIDH                                          (abs)        000EE6
_RXF1EIDL                                          (abs)        000EE7
_RXF1SIDH                                          (abs)        000EE4
_RXF1SIDL                                          (abs)        000EE5
_RXF2EIDH                                          (abs)        000EEA
_RXF2EIDL                                          (abs)        000EEB
_RXF2SIDH                                          (abs)        000EE8
_RXF2SIDL                                          (abs)        000EE9
_RXF3EIDH                                          (abs)        000EEE
_RXF3EIDL                                          (abs)        000EEF
_RXF3SIDH                                          (abs)        000EEC
_RXF3SIDL                                          (abs)        000EED
_RXF4EIDH                                          (abs)        000EF2
_RXF4EIDL                                          (abs)        000EF3
_RXF4SIDH                                          (abs)        000EF0
_RXF4SIDL                                          (abs)        000EF1
_RXF5EIDH                                          (abs)        000EF6
_RXF5EIDL                                          (abs)        000EF7
_RXF5SIDH                                          (abs)        000EF4
_RXF5SIDL                                          (abs)        000EF5
_RXF6EIDH                                          (abs)        000E4A
_RXF6EIDL                                          (abs)        000E4B
_RXF6SIDH                                          (abs)        000E48
_RXF6SIDL                                          (abs)        000E49
_RXF7EIDH                                          (abs)        000E4E
_RXF7EIDL                                          (abs)        000E4F
_RXF7SIDH                                          (abs)        000E4C
_RXF7SIDL                                          (abs)        000E4D
_RXF8EIDH                                          (abs)        000E52
_RXF8EIDL                                          (abs)        000E53
_RXF8SIDH                                          (abs)        000E50
_RXF8SIDL                                          (abs)        000E51
_RXF9EIDH                                          (abs)        000E56
_RXF9EIDL                                          (abs)        000E57
_RXF9SIDH                                          (abs)        000E54
_RXF9SIDL                                          (abs)        000E55
_RXFBCON0                                          (abs)        000E71
_RXFBCON1                                          (abs)        000E72
_RXFBCON2                                          (abs)        000E73
_RXFBCON3                                          (abs)        000E74
_RXFBCON4                                          (abs)        000E75
_RXFBCON5                                          (abs)        000E76
_RXFBCON6                                          (abs)        000E77
_RXFBCON7                                          (abs)        000E78
_RXFCON0                                           (abs)        000E46
_RXFCON1                                           (abs)        000E47
_RXM0EIDH                                          (abs)        000EFA
_RXM0EIDL                                          (abs)        000EFB
_RXM0SIDH                                          (abs)        000EF8
_RXM0SIDL                                          (abs)        000EF9
_RXM1EIDH                                          (abs)        000EFE
_RXM1EIDL                                          (abs)        000EFF
_RXM1SIDH                                          (abs)        000EFC
_RXM1SIDL                                          (abs)        000EFD
_SYSTEM_Initialize                                 text10       00213E
_TRISA                                             (abs)        000F92
_TRISB                                             (abs)        000F93
_TRISC                                             (abs)        000F94
_TRISD                                             (abs)        000F95
_TRISD5                                            (abs)        007CAD
_TRISD6                                            (abs)        007CAE
_TRISD7                                            (abs)        007CAF
_TRISE                                             (abs)        000F96
_TXB0CONbits                                       (abs)        000F20
_TXB0D0                                            (abs)        000F26
_TXB0D1                                            (abs)        000F27
_TXB0D2                                            (abs)        000F28
_TXB0D3                                            (abs)        000F29
_TXB0D4                                            (abs)        000F2A
_TXB0D5                                            (abs)        000F2B
_TXB0D6                                            (abs)        000F2C
_TXB0D7                                            (abs)        000F2D
_TXB0DLC                                           (abs)        000F25
_TXB0EIDH                                          (abs)        000F23
_TXB0EIDL                                          (abs)        000F24
_TXB0SIDH                                          (abs)        000F21
_TXB0SIDL                                          (abs)        000F22
_TXB1CONbits                                       (abs)        000F10
_TXB1D0                                            (abs)        000F16
_TXB1D1                                            (abs)        000F17
_TXB1D2                                            (abs)        000F18
_TXB1D3                                            (abs)        000F19
_TXB1D4                                            (abs)        000F1A
_TXB1D5                                            (abs)        000F1B
_TXB1D6                                            (abs)        000F1C
_TXB1D7                                            (abs)        000F1D
_TXB1DLC                                           (abs)        000F15
_TXB1EIDH                                          (abs)        000F13
_TXB1EIDL                                          (abs)        000F14
_TXB1SIDH                                          (abs)        000F11
_TXB1SIDL                                          (abs)        000F12
_TXB2CONbits                                       (abs)        000F00
_TXB2D0                                            (abs)        000F06
_TXB2D1                                            (abs)        000F07
_TXB2D2                                            (abs)        000F08
_TXB2D3                                            (abs)        000F09
_TXB2D4                                            (abs)        000F0A
_TXB2D5                                            (abs)        000F0B
_TXB2D6                                            (abs)        000F0C
_TXB2D7                                            (abs)        000F0D
_TXB2DLC                                           (abs)        000F05
_TXB2EIDH                                          (abs)        000F03
_TXB2EIDL                                          (abs)        000F04
_TXB2SIDH                                          (abs)        000F01
_TXB2SIDL                                          (abs)        000F02
_WPUB                                              (abs)        000F5B
_WakeUpDefaultInterruptHandler                     text27       002180
_WakeUpInterruptHandler                            bssCOMRAM    000033
__HRAM                                             (abs)        000000
__Habs1                                            abs1         000000
__Hbank0                                           bank0        000000
__Hbank1                                           bank1        000000
__Hbank10                                          bank10       000000
__Hbank11                                          bank11       000000
__Hbank12                                          bank12       000000
__Hbank13                                          bank13       000000
__Hbank14                                          bank14       000000
__Hbank2                                           bank2        000000
__Hbank3                                           bank3        000000
__Hbank4                                           bank4        000000
__Hbank5                                           bank5        000000
__Hbank6                                           bank6        000000
__Hbank7                                           bank7        000000
__Hbank8                                           bank8        000000
__Hbank9                                           bank9        000000
__Hbigbss                                          bigbss       000000
__Hbigdata                                         bigdata      000000
__Hbigram                                          bigram       000000
__Hbigsfr                                          bigsfr       000000
__Hbss                                             bss          000000
__HbssBANK0                                        bssBANK0     000000
__HbssCOMRAM                                       bssCOMRAM    000000
__Hcinit                                           cinit        000000
__Hclrtext                                         clrtext      000000
__Hcomram                                          comram       000000
__Hconfig                                          config       30000E
__Hconst                                           const        000000
__HcstackBANK0                                     cstackBANK0  000000
__HcstackCOMRAM                                    cstackCOMRAM 000000
__Hdata                                            data         000000
__HdataBANK0                                       dataBANK0    000000
__Heeprom_data                                     eeprom_data  000000
__Hfarbss                                          farbss       000000
__Hfardata                                         fardata      000000
__Hheap                                            heap         000E41
__Hibigdata                                        ibigdata     000000
__Hidata                                           idata        000000
__HidataBANK0                                      idataBANK0   000000
__Hidloc                                           idloc        200008
__Hifardata                                        ifardata     000000
__Hinit                                            init         000050
__Hintcode                                         intcode      00004C
__Hintcode_body                                    intcode_body 000000
__Hintcodelo                                       intcodelo    00004C
__Hintentry                                        intentry     000000
__Hintret                                          intret       000000
__Hintsave_regs                                    intsave_regs 000000
__Hirdata                                          irdata       000000
__Hmediumconst                                     mediumconst  000000
__HnvFARRAM                                        nvFARRAM     000000
__Hnvbit                                           nvbit        000000
__Hnvrram                                          nvrram       000000
__Hparam                                           rparam       000000
__Hpowerup                                         powerup      00004C
__Hram                                             ram          000000
__Hramtop                                          ramtop       000F00
__Hrbit                                            rbit         000000
__Hrbss                                            rbss         000000
__Hrdata                                           rdata        000000
__Hreset_vec                                       reset_vec    000004
__Hrparam                                          rparam       000000
__Hsfr                                             sfr          000000
__Hsmallconst                                      smallconst   000F12
__Hspace_0                                         (abs)        002182
__Hspace_1                                         (abs)        0000F2
__Hspace_2                                         (abs)        000000
__Hspace_4                                         (abs)        60000E
__Hstack                                           stack        000000
__Hstruct                                          struct       000000
__Htemp                                            temp         000036
__Htext                                            text         000000
__Htext0                                           text0        000000
__Htext1                                           text1        000000
__Htext10                                          text10       000000
__Htext11                                          text11       000000
__Htext12                                          text12       000000
__Htext13                                          text13       000000
__Htext14                                          text14       000000
__Htext15                                          text15       000000
__Htext16                                          text16       000000
__Htext17                                          text17       000000
__Htext18                                          text18       000000
__Htext19                                          text19       000000
__Htext2                                           text2        000000
__Htext20                                          text20       000000
__Htext21                                          text21       000000
__Htext22                                          text22       000000
__Htext23                                          text23       000000
__Htext24                                          text24       000000
__Htext26                                          text26       000000
__Htext27                                          text27       000000
__Htext28                                          text28       000000
__Htext3                                           text3        000000
__Htext4                                           text4        000000
__Htext5                                           text5        000000
__Htext6                                           text6        000000
__Htext7                                           text7        000000
__Htext8                                           text8        000000
__Htext9                                           text9        000000
__LRAM                                             (abs)        000001
__Labs1                                            abs1         000000
__Lbank0                                           bank0        000000
__Lbank1                                           bank1        000000
__Lbank10                                          bank10       000000
__Lbank11                                          bank11       000000
__Lbank12                                          bank12       000000
__Lbank13                                          bank13       000000
__Lbank14                                          bank14       000000
__Lbank2                                           bank2        000000
__Lbank3                                           bank3        000000
__Lbank4                                           bank4        000000
__Lbank5                                           bank5        000000
__Lbank6                                           bank6        000000
__Lbank7                                           bank7        000000
__Lbank8                                           bank8        000000
__Lbank9                                           bank9        000000
__Lbigbss                                          bigbss       000000
__Lbigdata                                         bigdata      000000
__Lbigram                                          bigram       000000
__Lbigsfr                                          bigsfr       000000
__Lbss                                             bss          000000
__LbssBANK0                                        bssBANK0     000000
__LbssCOMRAM                                       bssCOMRAM    000000
__Lcinit                                           cinit        000000
__Lclrtext                                         clrtext      000000
__Lcomram                                          comram       000000
__Lconfig                                          config       000000
__Lconst                                           const        000000
__LcstackBANK0                                     cstackBANK0  000000
__LcstackCOMRAM                                    cstackCOMRAM 000000
__Ldata                                            data         000000
__LdataBANK0                                       dataBANK0    000000
__Leeprom_data                                     eeprom_data  000000
__Lfarbss                                          farbss       000000
__Lfardata                                         fardata      000000
__Lheap                                            heap         0000F2
__Libigdata                                        ibigdata     000000
__Lidata                                           idata        000000
__LidataBANK0                                      idataBANK0   000000
__Lidloc                                           idloc        000000
__Lifardata                                        ifardata     000000
__Linit                                            init         00004C
__Lintcode                                         intcode      000008
__Lintcode_body                                    intcode_body 000000
__Lintcodelo                                       intcodelo    00004C
__Lintentry                                        intentry     000000
__Lintret                                          intret       000000
__Lintsave_regs                                    intsave_regs 000000
__Lirdata                                          irdata       000000
__Lmediumconst                                     mediumconst  000000
__LnvFARRAM                                        nvFARRAM     000000
__Lnvbit                                           nvbit        000000
__Lnvrram                                          nvrram       000000
__Lparam                                           rparam       000000
__Lpowerup                                         powerup      00004C
__Lram                                             ram          000000
__Lramtop                                          ramtop       000F00
__Lrbit                                            rbit         000000
__Lrbss                                            rbss         000000
__Lrdata                                           rdata        000000
__Lreset_vec                                       reset_vec    000000
__Lrparam                                          rparam       000000
__Lsfr                                             sfr          000000
__Lsmallconst                                      smallconst   000F00
__Lspace_0                                         (abs)        000000
__Lspace_1                                         (abs)        000000
__Lspace_2                                         (abs)        000000
__Lspace_4                                         (abs)        000000
__Lstack                                           stack        000000
__Lstruct                                          struct       000000
__Ltemp                                            temp         000035
__Ltext                                            text         000000
__Ltext0                                           text0        000000
__Ltext1                                           text1        000000
__Ltext10                                          text10       000000
__Ltext11                                          text11       000000
__Ltext12                                          text12       000000
__Ltext13                                          text13       000000
__Ltext14                                          text14       000000
__Ltext15                                          text15       000000
__Ltext16                                          text16       000000
__Ltext17                                          text17       000000
__Ltext18                                          text18       000000
__Ltext19                                          text19       000000
__Ltext2                                           text2        000000
__Ltext20                                          text20       000000
__Ltext21                                          text21       000000
__Ltext22                                          text22       000000
__Ltext23                                          text23       000000
__Ltext24                                          text24       000000
__Ltext26                                          text26       000000
__Ltext27                                          text27       000000
__Ltext28                                          text28       000000
__Ltext3                                           text3        000000
__Ltext4                                           text4        000000
__Ltext5                                           text5        000000
__Ltext6                                           text6        000000
__Ltext7                                           text7        000000
__Ltext8                                           text8        000000
__Ltext9                                           text9        000000
__S0                                               (abs)        002182
__S1                                               (abs)        0000F2
__S4                                               (abs)        000000
__S5                                               (abs)        000000
__S7                                               (abs)        000E41
___awmod                                           text2        001CB8
___awmod@counter                                   cstackCOMRAM 000007
___awmod@dividend                                  cstackCOMRAM 000003
___awmod@divisor                                   cstackCOMRAM 000005
___awmod@sign                                      cstackCOMRAM 000008
___expand_heap                                     text5        001D68
___expand_heap@n                                   cstackCOMRAM 000007
___expand_heap@new_brkp                            cstackCOMRAM 000009
___expand_heap@pn                                  cstackCOMRAM 000003
___freelist                                        bssCOMRAM    000029
___heap_hi                                         heap         000E41
___heap_lo                                         heap         0000F2
___inthi_sp                                        stack        000000
___intlo_sp                                        stack        000000
___param_bank                                      (abs)        000000
___rparam_used                                     (abs)        000001
___simple_search_fl                                text4        000F12
___simple_search_fl@best                           cstackCOMRAM 000015
___simple_search_fl@best_last                      cstackCOMRAM 00000B
___simple_search_fl@c                              cstackCOMRAM 000013
___simple_search_fl@last                           cstackCOMRAM 00000F
___simple_search_fl@n                              cstackCOMRAM 000003
___simple_search_fl@next                           cstackCOMRAM 000011
___simple_search_fl@remaining_size                 cstackCOMRAM 000009
___simple_search_fl@split                          cstackCOMRAM 00000D
___sp                                              stack        000000
___wmul                                            text9        002076
___wmul@multiplicand                               cstackCOMRAM 000005
___wmul@multiplier                                 cstackCOMRAM 000003
___wmul@product                                    cstackCOMRAM 000007
__accesstop                                        (abs)        000060
__activetblptr                                     (abs)        000003
__end_of_CAN_receive                               text22       001658
__end_of_ECAN_Initialize                           text14       0017FC
__end_of_ECAN_SetWakeUpInterruptHandler            text15       00217C
__end_of_ECAN_WAKI_ISR                             text26       00210E
__end_of_INTERRUPT_Initialize                      text13       002180
__end_of_INTERRUPT_InterruptManager                intcode      00004C
__end_of_LCD_command                               text20       002172
__end_of_LCD_init                                  text16       001EB8
__end_of_LCD_intake                                text21       00213E
__end_of_LCD_print                                 text18       002128
__end_of_LCD_print_string                          text17       001CB8
__end_of_LCD_set_pos                               text19       0020BA
__end_of_OSCILLATOR_Initialize                     text12       002162
__end_of_PIN_MANAGER_Initialize                    text11       002076
__end_of_SYSTEM_Initialize                         text10       002150
__end_of_WakeUpDefaultInterruptHandler             text27       002182
__end_of___awmod                                   text2        001D68
__end_of___expand_heap                             text5        001E16
__end_of___simple_search_fl                        text4        00118C
__end_of___wmul                                    text9        00209C
__end_of__initialization                           cinit        001FFA
__end_of_convertReg2ExtendedCANid                  text24       001BC6
__end_of_convertReg2StandardCANid                  text23       001FC2
__end_of_enterButtonGetValue                       text8        0020F2
__end_of_enterExitButtons                          text6        001F4A
__end_of_exitButtonGetValue                        text7        0020D6
__end_of_main                                      text0        001404
__end_of_malloc                                    text3        001A8C
__end_of_updateEncoder                             text1        001948
__initialization                                   cinit        001FC2
__mediumconst                                      mediumconst  000000
__pbssBANK0                                        bssBANK0     0000E4
__pbssCOMRAM                                       bssCOMRAM    000025
__pcinit                                           cinit        001FC2
__pcstackBANK0                                     cstackBANK0  000060
__pcstackCOMRAM                                    cstackCOMRAM 000001
__pdataBANK0                                       dataBANK0    0000A8
__pidataBANK0                                      idataBANK0   002004
__pintcode                                         intcode      000008
__psmallconst                                      smallconst   000F00
__ptext0                                           text0        00118C
__ptext1                                           text1        0017FC
__ptext10                                          text10       00213E
__ptext11                                          text11       002040
__ptext12                                          text12       002150
__ptext13                                          text13       00217C
__ptext14                                          text14       001658
__ptext15                                          text15       002172
__ptext16                                          text16       001E16
__ptext17                                          text17       001BC6
__ptext18                                          text18       00210E
__ptext19                                          text19       00209C
__ptext2                                           text2        001CB8
__ptext20                                          text20       002162
__ptext21                                          text21       002128
__ptext22                                          text22       001404
__ptext23                                          text23       001F4A
__ptext24                                          text24       001A8C
__ptext26                                          text26       0020F2
__ptext27                                          text27       002180
__ptext28                                          text28       000000
__ptext3                                           text3        001948
__ptext4                                           text4        000F12
__ptext5                                           text5        001D68
__ptext6                                           text6        001EB8
__ptext7                                           text7        0020BA
__ptext8                                           text8        0020D6
__ptext9                                           text9        002076
__ramtop                                           ramtop       000F00
__smallconst                                       smallconst   000F00
_brkp                                              bssCOMRAM    00002B
_convertReg2ExtendedCANid                          text24       001A8C
_convertReg2StandardCANid                          text23       001F4A
_enterButtonGetValue                               text8        0020D6
_enterExitButtons                                  text6        001EB8
_errno                                             bssCOMRAM    00002D
_exitButtonGetValue                                text7        0020BA
_main                                              text0        00118C
_malloc                                            text3        001948
_rx                                                bssBANK0     0000E4
_updateEncoder                                     text1        0017FC
btemp                                              temp         000035
convertReg2ExtendedCANid@CAN_standardLo_ID_hi3bits cstackCOMRAM 000011
convertReg2ExtendedCANid@CAN_standardLo_ID_lo2bits cstackCOMRAM 000010
convertReg2ExtendedCANid@ConvertedID               cstackCOMRAM 000012
convertReg2ExtendedCANid@returnValue               cstackCOMRAM 00000C
convertReg2ExtendedCANid@tempRXBn_EIDH             cstackCOMRAM 00000B
convertReg2ExtendedCANid@tempRXBn_EIDL             cstackCOMRAM 000003
convertReg2ExtendedCANid@tempRXBn_SIDH             cstackCOMRAM 000004
convertReg2ExtendedCANid@tempRXBn_SIDL             cstackCOMRAM 000005
convertReg2StandardCANid@ConvertedID               cstackCOMRAM 00000E
convertReg2StandardCANid@returnValue               cstackCOMRAM 00000A
convertReg2StandardCANid@tempRXBn_SIDH             cstackCOMRAM 000009
convertReg2StandardCANid@tempRXBn_SIDL             cstackCOMRAM 000003
end_of_initialization                              cinit        001FFA
enterExitButtons@latch                             cstackCOMRAM 000006
int$flags                                          temp         000035
intlevel0                                          text         000000
intlevel1                                          text         000000
intlevel2                                          text         000000
intlevel3                                          text         000000
isa$std                                            (abs)        000001
isa$xinst                                          (abs)        000000
main@F12780                                        dataBANK0    0000A8
main@counter                                       cstackBANK0  0000A6
main@currentState                                  cstackBANK0  00009E
main@exitBTNPressed                                cstackBANK0  0000A4
main@lastCounter                                   cstackBANK0  00009C
main@latch                                         cstackBANK0  0000A2
main@menu                                          cstackBANK0  000060
main@prevState                                     cstackBANK0  0000A0
malloc@cur                                         bssCOMRAM    000031
malloc@end                                         bssCOMRAM    00002F
malloc@lock                                        bssCOMRAM    000025
malloc@m                                           cstackCOMRAM 00001B
malloc@n                                           cstackCOMRAM 000017
malloc@new                                         cstackCOMRAM 000021
malloc@p                                           cstackCOMRAM 00001F
malloc@sz                                          cstackCOMRAM 00001D
stackhi                                            (abs)        000000
stacklo                                            (abs)        000000
start                                              init         00004C
start_initialization                               cinit        001FC2
ttemp5                                             temp         000036
ttemp6                                             temp         000039
ttemp7                                             temp         00003D
updateEncoder@DT                                   cstackCOMRAM 000013
updateEncoder@counter                              cstackCOMRAM 00000D
updateEncoder@current                              cstackCOMRAM 000009
updateEncoder@last                                 cstackCOMRAM 00000B
wtemp8                                             temp         000036


MODULE INFORMATION

Module		Function		Class		Link	Load	Size
C:\Program Files\Microchip\xc8\v2.36\pic\sources\c99\common\lite_free.c
		___simple_search_fl		CODE           	0F12	0000	634

C:\Program Files\Microchip\xc8\v2.36\pic\sources\c99\common\lite_free.c estimated size: 634

mcc_generated_files/interrupt_manager.c
		_INTERRUPT_Initialize		CODE           	217C	0000	4
		_INTERRUPT_InterruptManager		CODE           	0008	0000	68

mcc_generated_files/interrupt_manager.c estimated size: 72

C:\Program Files\Microchip\xc8\v2.36\pic\sources\c99\common\awmod.c
		___awmod       		CODE           	1CB8	0000	176

C:\Program Files\Microchip\xc8\v2.36\pic\sources\c99\common\awmod.c estimated size: 176

mcc_generated_files/pin_manager.c
		_PIN_MANAGER_Initialize		CODE           	2040	0000	54

mcc_generated_files/pin_manager.c estimated size: 54

button_functionality.c
		_enterButtonGetValue		CODE           	20D6	0000	28
		_exitButtonGetValue		CODE           	20BA	0000	28
		_enterExitButtons		CODE           	1EB8	0000	146
		_updateEncoder 		CODE           	17FC	0000	332

button_functionality.c estimated size: 534

C:\Program Files\Microchip\xc8\v2.36\pic\sources\c99\common\expand_heap.c
		___expand_heap 		CODE           	1D68	0000	174

C:\Program Files\Microchip\xc8\v2.36\pic\sources\c99\common\expand_heap.c estimated size: 174

mcc_generated_files/ecan.c
		_ECAN_SetWakeUpInterruptHandler		CODE           	2172	0000	10
		_CAN_receive   		CODE           	1404	0000	596
		_ECAN_Initialize		CODE           	1658	0000	420
		_convertReg2ExtendedCANid		CODE           	1A8C	0000	314
		_convertReg2StandardCANid		CODE           	1F4A	0000	120
		_WakeUpDefaultInterruptHandler		CODE           	2180	0000	2
		_ECAN_WAKI_ISR 		CODE           	20F2	0000	28

mcc_generated_files/ecan.c estimated size: 1490

C:\Program Files\Microchip\xc8\v2.36\pic\sources\c99\common\lite_malloc.c
		_malloc        		CODE           	1948	0000	324

C:\Program Files\Microchip\xc8\v2.36\pic\sources\c99\common\lite_malloc.c estimated size: 324

shared
		__initialization		CODE           	1FC2	0000	56

shared estimated size: 56

mcc_generated_files/mcc.c
		_OSCILLATOR_Initialize		CODE           	2150	0000	18
		_SYSTEM_Initialize		CODE           	213E	0000	18

mcc_generated_files/mcc.c estimated size: 36

LCD_functions.c
		_LCD_intake    		CODE           	2128	0000	22
		_LCD_print     		CODE           	210E	0000	26
		_LCD_print_string		CODE           	1BC6	0000	242
		_LCD_init      		CODE           	1E16	0000	162
		_LCD_command   		CODE           	2162	0000	16
		_LCD_set_pos   		CODE           	209C	0000	30

LCD_functions.c estimated size: 498

main.c
		_main          		CODE           	118C	0000	632

main.c estimated size: 632

C:\Program Files\Microchip\xc8\v2.36\pic\sources\c99\common\Umul16.c
		___wmul        		CODE           	2076	0000	38

C:\Program Files\Microchip\xc8\v2.36\pic\sources\c99\common\Umul16.c estimated size: 38

