Microchip MPLAB XC8 Compiler V2.36

Linker command line:

-W-3 --edf=C:\Program Files\Microchip\xc8\v2.36\pic\dat\en_msgs.txt -cn \
  -h+dist/default/production\Latching_V2.X.production.sym \
  --cmf=dist/default/production\Latching_V2.X.production.cmf -z -Q18F46K80 \
  -oC:\Users\ethan\AppData\Local\Temp\xcAs1vc.4 --defsym=__MPLAB_BUILD=1 \
  -Mdist/default/production/Latching_V2.X.production.map \
  --md=C:\Users\ethan\AppData\Local\Temp\xcAs1vc.dat -E1 -ver=XC8 Compiler \
  --acfsm=1493 -ACODE=00h-0FFFFh -ACONST=00h-0FFFFh \
  -ASMALLCONST=0F00h-0FFFhx241 -AMEDIUMCONST=0F00h-0FFFFh -ACOMRAM=01h-05Fh \
  -AABS1=00h-0E40h -ABIGRAM=01h-0E40h \
  -ARAM=060h-0FFh,0100h-01FFhx13,0E00h-0E40h -ABANK0=060h-0FFh \
  -ABANK1=0100h-01FFh -ABANK2=0200h-02FFh -ABANK3=0300h-03FFh \
  -ABANK4=0400h-04FFh -ABANK5=0500h-05FFh -ABANK6=0600h-06FFh \
  -ABANK7=0700h-07FFh -ABANK8=0800h-08FFh -ABANK9=0900h-09FFh \
  -ABANK10=0A00h-0AFFh -ABANK11=0B00h-0BFFh -ABANK12=0C00h-0CFFh \
  -ABANK13=0D00h-0DFFh -ABANK14=0E00h-0E40h \
  -ASFR=0E41h-0EFFh,0F00h-0F5Fh,0F60h-0FFFh -ABIGSFR=0E41h-0FFFh \
  -ACONFIG=0300000h-030000Dh -AIDLOC=0200000h-0200007h \
  -AEEDATA=0F00000h-0F003FFh -peeprom_data=EEDATA \
  -preset_vec=00h,intcode=08h,intcodelo,powerup,init -pramtop=0F00h \
  -psmallconst=SMALLCONST -pmediumconst=MEDIUMCONST -pconst=CONST \
  -AFARRAM=00h-00h \
  -prdata=COMRAM,nvrram=COMRAM,nvbit=COMRAM,rbss=COMRAM,rbit=COMRAM \
  -pfarbss=FARRAM,fardata=FARRAM,nvFARRAM=FARRAM \
  -pintsave_regs=BIGRAM,bigbss=BIGRAM,bigdata=BIGRAM -pbss=RAM \
  -pidata=CODE,irdata=CODE,ibigdata=CODE,ifardata=CODE -prparam=COMRAM \
  C:\Users\ethan\AppData\Local\Temp\xcAs1vc.o \
  dist/default/production\Latching_V2.X.production.o 

Object code version is 3.11

Machine type is 18F46K80



                Name                               Link     Load   Length Selector   Space Scale
C:\Users\ethan\AppData\Local\Temp\xcAs1vc.o
                idloc                            200000   200000        8        0       5
                config                           300000   300000        E        0       4
                init                                 4C       4C        4        4       0
                reset_vec                             0        0        4        0       0
dist/default/production\Latching_V2.X.production.o
                intcode                               8        8       44        4       0
                idloc                            200000   200000        8        0       5
                config                           300000   300000        E        0       4
                temp                                 4D       4D        1        1       1
                text16                              C56      C56        2        4       0
                text15                              BEC      BEC       1E        4       0
                text13                              8E8      8E8      13A        4       0
                text12                              AC0      AC0       78        4       0
                text11                              36A      36A      254        4       0
                text10                              C48      C48        A        4       0
                text9                               5BE      5BE      1B6        4       0
                text8                               C52      C52        4        4       0
                text7                               C36      C36       12        4       0
                text6                               B82      B82       36        4       0
                text5                               C24      C24       12        4       0
                text4                               774      774      174        4       0
                text3                                50       50      31A        4       0
                text2                               B38      B38       4A        4       0
                text1                               BB8      BB8       34        4       0
                text0                               A22      A22       9E        4       0
                cstackCOMRAM                         2F       2F       1E        1       1
                bssCOMRAM                             1        1       2E        1       1
                cinit                               C0A      C0A       1A        4       0

TOTAL           Name                               Link     Load   Length     Space
        CLASS   CODE           
                intcode                               8        8       44         0
                init                                 4C       4C        4         0
                reset_vec                             0        0        4         0
                text16                              C56      C56        2         0
                text15                              BEC      BEC       1E         0
                text13                              8E8      8E8      13A         0
                text12                              AC0      AC0       78         0
                text11                              36A      36A      254         0
                text10                              C48      C48        A         0
                text9                               5BE      5BE      1B6         0
                text8                               C52      C52        4         0
                text7                               C36      C36       12         0
                text6                               B82      B82       36         0
                text5                               C24      C24       12         0
                text4                               774      774      174         0
                text3                                50       50      31A         0
                text2                               B38      B38       4A         0
                text1                               BB8      BB8       34         0
                text0                               A22      A22       9E         0
                cinit                               C0A      C0A       1A         0

        CLASS   CONST          

        CLASS   SMALLCONST     

        CLASS   MEDIUMCONST    

        CLASS   COMRAM         
                temp                                 4D       4D        1         1
                cstackCOMRAM                         2F       2F       1E         1
                bssCOMRAM                             1        1       2E         1

        CLASS   ABS1           

        CLASS   BIGRAM         

        CLASS   RAM            

        CLASS   BANK0          

        CLASS   BANK1          

        CLASS   BANK2          

        CLASS   BANK3          

        CLASS   BANK4          

        CLASS   BANK5          

        CLASS   BANK6          

        CLASS   BANK7          

        CLASS   BANK8          

        CLASS   BANK9          

        CLASS   BANK10         

        CLASS   BANK11         

        CLASS   BANK12         

        CLASS   BANK13         

        CLASS   BANK14         

        CLASS   SFR            

        CLASS   BIGSFR         

        CLASS   CONFIG         
                config                           300000   300000        E         4

        CLASS   IDLOC          
                idloc                            200000   200000        8         5

        CLASS   EEDATA         

        CLASS   FARRAM         

        CLASS   HEAP           

        CLASS   STACK          



SEGMENTS        Name                           Load    Length   Top    Selector   Space  Class

                reset_vec                      000000  000004  000004         0       0  CODE    
                bssCOMRAM                      000001  00004D  00004E         1       1  COMRAM  
                intcode                        000008  000C50  000C58         4       0  CODE    


UNUSED ADDRESS RANGES

        Name                Unused          Largest block    Delta
        BANK0            000060-0000FF               A0
        BANK1            000100-0001FF              100
        BANK10           000A00-000AFF              100
        BANK11           000B00-000BFF              100
        BANK12           000C00-000CFF              100
        BANK13           000D00-000DFF              100
        BANK14           000E00-000E40               41
        BANK2            000200-0002FF              100
        BANK3            000300-0003FF              100
        BANK4            000400-0004FF              100
        BANK5            000500-0005FF              100
        BANK6            000600-0006FF              100
        BANK7            000700-0007FF              100
        BANK8            000800-0008FF              100
        BANK9            000900-0009FF              100
        BIGRAM           00004E-000E40              DF3
        BIGSFR           000E41-000FFF              1BF
        CODE             000004-000007                4
                         000C58-00FFFF             F3A8
        COMRAM           00004E-00005F               12
        CONST            000004-000007                4
                         000C58-00FFFF             F3A8
        EEDATA           F00000-F003FF              400
        MEDIUMCONST      000F00-00FFFF             F100
        RAM              000060-000E40              100
        SFR              000E41-000FFF               BF
        SMALLCONST       000F00-00FFFF              100

                                  Symbol Table

?_convertReg2ExtendedCANid                         cstackCOMRAM 000031
?_convertReg2StandardCANid                         cstackCOMRAM 000031
CAN_receive@returnValue                            cstackCOMRAM 000046
CAN_receive@tempCanMsg                             cstackCOMRAM 000044
CAN_transmit@tempCanMsg                            cstackCOMRAM 000043
CAN_transmit@tempEIDH                              cstackCOMRAM 000045
CAN_transmit@tempEIDL                              cstackCOMRAM 000046
CAN_transmit@tempSIDH                              cstackCOMRAM 000047
CAN_transmit@tempSIDL                              cstackCOMRAM 000048
ECAN_SetWakeUpInterruptHandler@handler             cstackCOMRAM 000031
_ANCON0                                            (abs)        000F5D
_ANCON1                                            (abs)        000F5C
_BRGCON1                                           (abs)        000E43
_BRGCON2                                           (abs)        000E44
_BRGCON3                                           (abs)        000E45
_BSEL0                                             (abs)        000E7D
_CANCON                                            (abs)        000F6F
_CANSTAT                                           (abs)        000F6E
_CAN_receive                                       text11       00036A
_CAN_transmit                                      text3        000050
_CIOCON                                            (abs)        000F70
_COMSTATbits                                       (abs)        000F71
_ECANCON                                           (abs)        000F72
_ECAN_Initialize                                   text9        0005BE
_ECAN_SetWakeUpInterruptHandler                    text10       000C48
_ECAN_WAKI_ISR                                     text15       000BEC
_INTCON2bits                                       (abs)        000FF1
_INTCONbits                                        (abs)        000FF2
_INTERRUPT_Initialize                              text8        000C52
_INTERRUPT_InterruptManager                        intcode      000008
_LATA                                              (abs)        000F89
_LATB                                              (abs)        000F8A
_LATC                                              (abs)        000F8B
_LATD                                              (abs)        000F8C
_LATDbits                                          (abs)        000F8C
_LATE                                              (abs)        000F8D
_MSEL0                                             (abs)        000E79
_MSEL1                                             (abs)        000E7A
_MSEL2                                             (abs)        000E7B
_MSEL3                                             (abs)        000E7C
_OSCCON                                            (abs)        000FD3
_OSCCON2                                           (abs)        000FD2
_OSCILLATOR_Initialize                             text7        000C36
_OSCTUNE                                           (abs)        000F9B
_PIE5bits                                          (abs)        000F76
_PIN_MANAGER_Initialize                            text6        000B82
_PIR5bits                                          (abs)        000F77
_PORTBbits                                         (abs)        000F81
_RCONbits                                          (abs)        000FD0
_REFOCON                                           (abs)        000F9A
_RXB0CONbits                                       (abs)        000F60
_RXB0D0                                            (abs)        000F66
_RXB0D1                                            (abs)        000F67
_RXB0D2                                            (abs)        000F68
_RXB0D3                                            (abs)        000F69
_RXB0D4                                            (abs)        000F6A
_RXB0D5                                            (abs)        000F6B
_RXB0D6                                            (abs)        000F6C
_RXB0D7                                            (abs)        000F6D
_RXB0DLC                                           (abs)        000F65
_RXB0EIDH                                          (abs)        000F63
_RXB0EIDL                                          (abs)        000F64
_RXB0SIDH                                          (abs)        000F61
_RXB0SIDL                                          (abs)        000F62
_RXB1CONbits                                       (abs)        000F30
_RXB1D0                                            (abs)        000F36
_RXB1D1                                            (abs)        000F37
_RXB1D2                                            (abs)        000F38
_RXB1D3                                            (abs)        000F39
_RXB1D4                                            (abs)        000F3A
_RXB1D5                                            (abs)        000F3B
_RXB1D6                                            (abs)        000F3C
_RXB1D7                                            (abs)        000F3D
_RXB1DLC                                           (abs)        000F35
_RXB1EIDH                                          (abs)        000F33
_RXB1EIDL                                          (abs)        000F34
_RXB1SIDH                                          (abs)        000F31
_RXB1SIDL                                          (abs)        000F32
_RXF0EIDH                                          (abs)        000EE2
_RXF0EIDL                                          (abs)        000EE3
_RXF0SIDH                                          (abs)        000EE0
_RXF0SIDL                                          (abs)        000EE1
_RXF10EIDH                                         (abs)        000E5A
_RXF10EIDL                                         (abs)        000E5B
_RXF10SIDH                                         (abs)        000E58
_RXF10SIDL                                         (abs)        000E59
_RXF11EIDH                                         (abs)        000E5E
_RXF11EIDL                                         (abs)        000E5F
_RXF11SIDH                                         (abs)        000E5C
_RXF11SIDL                                         (abs)        000E5D
_RXF12EIDH                                         (abs)        000E62
_RXF12EIDL                                         (abs)        000E63
_RXF12SIDH                                         (abs)        000E60
_RXF12SIDL                                         (abs)        000E61
_RXF13EIDH                                         (abs)        000E66
_RXF13EIDL                                         (abs)        000E67
_RXF13SIDH                                         (abs)        000E64
_RXF13SIDL                                         (abs)        000E65
_RXF14EIDH                                         (abs)        000E6A
_RXF14EIDL                                         (abs)        000E6B
_RXF14SIDH                                         (abs)        000E68
_RXF14SIDL                                         (abs)        000E69
_RXF15EIDH                                         (abs)        000E6E
_RXF15EIDL                                         (abs)        000E6F
_RXF15SIDH                                         (abs)        000E6C
_RXF15SIDL                                         (abs)        000E6D
_RXF1EIDH                                          (abs)        000EE6
_RXF1EIDL                                          (abs)        000EE7
_RXF1SIDH                                          (abs)        000EE4
_RXF1SIDL                                          (abs)        000EE5
_RXF2EIDH                                          (abs)        000EEA
_RXF2EIDL                                          (abs)        000EEB
_RXF2SIDH                                          (abs)        000EE8
_RXF2SIDL                                          (abs)        000EE9
_RXF3EIDH                                          (abs)        000EEE
_RXF3EIDL                                          (abs)        000EEF
_RXF3SIDH                                          (abs)        000EEC
_RXF3SIDL                                          (abs)        000EED
_RXF4EIDH                                          (abs)        000EF2
_RXF4EIDL                                          (abs)        000EF3
_RXF4SIDH                                          (abs)        000EF0
_RXF4SIDL                                          (abs)        000EF1
_RXF5EIDH                                          (abs)        000EF6
_RXF5EIDL                                          (abs)        000EF7
_RXF5SIDH                                          (abs)        000EF4
_RXF5SIDL                                          (abs)        000EF5
_RXF6EIDH                                          (abs)        000E4A
_RXF6EIDL                                          (abs)        000E4B
_RXF6SIDH                                          (abs)        000E48
_RXF6SIDL                                          (abs)        000E49
_RXF7EIDH                                          (abs)        000E4E
_RXF7EIDL                                          (abs)        000E4F
_RXF7SIDH                                          (abs)        000E4C
_RXF7SIDL                                          (abs)        000E4D
_RXF8EIDH                                          (abs)        000E52
_RXF8EIDL                                          (abs)        000E53
_RXF8SIDH                                          (abs)        000E50
_RXF8SIDL                                          (abs)        000E51
_RXF9EIDH                                          (abs)        000E56
_RXF9EIDL                                          (abs)        000E57
_RXF9SIDH                                          (abs)        000E54
_RXF9SIDL                                          (abs)        000E55
_RXFBCON0                                          (abs)        000E71
_RXFBCON1                                          (abs)        000E72
_RXFBCON2                                          (abs)        000E73
_RXFBCON3                                          (abs)        000E74
_RXFBCON4                                          (abs)        000E75
_RXFBCON5                                          (abs)        000E76
_RXFBCON6                                          (abs)        000E77
_RXFBCON7                                          (abs)        000E78
_RXFCON0                                           (abs)        000E46
_RXFCON1                                           (abs)        000E47
_RXM0EIDH                                          (abs)        000EFA
_RXM0EIDL                                          (abs)        000EFB
_RXM0SIDH                                          (abs)        000EF8
_RXM0SIDL                                          (abs)        000EF9
_RXM1EIDH                                          (abs)        000EFE
_RXM1EIDL                                          (abs)        000EFF
_RXM1SIDH                                          (abs)        000EFC
_RXM1SIDL                                          (abs)        000EFD
_SYSTEM_Initialize                                 text5        000C24
_TRISA                                             (abs)        000F92
_TRISB                                             (abs)        000F93
_TRISC                                             (abs)        000F94
_TRISD                                             (abs)        000F95
_TRISE                                             (abs)        000F96
_TXB0CONbits                                       (abs)        000F20
_TXB0D0                                            (abs)        000F26
_TXB0D1                                            (abs)        000F27
_TXB0D2                                            (abs)        000F28
_TXB0D3                                            (abs)        000F29
_TXB0D4                                            (abs)        000F2A
_TXB0D5                                            (abs)        000F2B
_TXB0D6                                            (abs)        000F2C
_TXB0D7                                            (abs)        000F2D
_TXB0DLC                                           (abs)        000F25
_TXB0EIDH                                          (abs)        000F23
_TXB0EIDL                                          (abs)        000F24
_TXB0SIDH                                          (abs)        000F21
_TXB0SIDL                                          (abs)        000F22
_TXB1CONbits                                       (abs)        000F10
_TXB1D0                                            (abs)        000F16
_TXB1D1                                            (abs)        000F17
_TXB1D2                                            (abs)        000F18
_TXB1D3                                            (abs)        000F19
_TXB1D4                                            (abs)        000F1A
_TXB1D5                                            (abs)        000F1B
_TXB1D6                                            (abs)        000F1C
_TXB1D7                                            (abs)        000F1D
_TXB1DLC                                           (abs)        000F15
_TXB1EIDH                                          (abs)        000F13
_TXB1EIDL                                          (abs)        000F14
_TXB1SIDH                                          (abs)        000F11
_TXB1SIDL                                          (abs)        000F12
_TXB2CONbits                                       (abs)        000F00
_TXB2D0                                            (abs)        000F06
_TXB2D1                                            (abs)        000F07
_TXB2D2                                            (abs)        000F08
_TXB2D3                                            (abs)        000F09
_TXB2D4                                            (abs)        000F0A
_TXB2D5                                            (abs)        000F0B
_TXB2D6                                            (abs)        000F0C
_TXB2D7                                            (abs)        000F0D
_TXB2DLC                                           (abs)        000F05
_TXB2EIDH                                          (abs)        000F03
_TXB2EIDL                                          (abs)        000F04
_TXB2SIDH                                          (abs)        000F01
_TXB2SIDL                                          (abs)        000F02
_WPUB                                              (abs)        000F5B
_WakeUpDefaultInterruptHandler                     text16       000C56
_WakeUpInterruptHandler                            bssCOMRAM    000003
__HRAM                                             (abs)        000000
__Habs1                                            abs1         000000
__Hbank0                                           bank0        000000
__Hbank1                                           bank1        000000
__Hbank10                                          bank10       000000
__Hbank11                                          bank11       000000
__Hbank12                                          bank12       000000
__Hbank13                                          bank13       000000
__Hbank14                                          bank14       000000
__Hbank2                                           bank2        000000
__Hbank3                                           bank3        000000
__Hbank4                                           bank4        000000
__Hbank5                                           bank5        000000
__Hbank6                                           bank6        000000
__Hbank7                                           bank7        000000
__Hbank8                                           bank8        000000
__Hbank9                                           bank9        000000
__Hbigbss                                          bigbss       000000
__Hbigdata                                         bigdata      000000
__Hbigram                                          bigram       000000
__Hbigsfr                                          bigsfr       000000
__Hbss                                             bss          000000
__HbssCOMRAM                                       bssCOMRAM    000000
__Hcinit                                           cinit        000000
__Hclrtext                                         clrtext      000000
__Hcomram                                          comram       000000
__Hconfig                                          config       30000E
__Hconst                                           const        000000
__HcstackCOMRAM                                    cstackCOMRAM 000000
__Hdata                                            data         000000
__Heeprom_data                                     eeprom_data  000000
__Hfarbss                                          farbss       000000
__Hfardata                                         fardata      000000
__Hheap                                            heap         000000
__Hibigdata                                        ibigdata     000000
__Hidata                                           idata        000000
__Hidloc                                           idloc        200008
__Hifardata                                        ifardata     000000
__Hinit                                            init         000050
__Hintcode                                         intcode      00004C
__Hintcode_body                                    intcode_body 000000
__Hintcodelo                                       intcodelo    00004C
__Hintentry                                        intentry     000000
__Hintret                                          intret       000000
__Hintsave_regs                                    intsave_regs 000000
__Hirdata                                          irdata       000000
__Hmediumconst                                     mediumconst  000000
__HnvFARRAM                                        nvFARRAM     000000
__Hnvbit                                           nvbit        000000
__Hnvrram                                          nvrram       000000
__Hparam                                           rparam       000000
__Hpowerup                                         powerup      00004C
__Hram                                             ram          000000
__Hramtop                                          ramtop       000F00
__Hrbit                                            rbit         000000
__Hrbss                                            rbss         000000
__Hrdata                                           rdata        000000
__Hreset_vec                                       reset_vec    000004
__Hrparam                                          rparam       000000
__Hsfr                                             sfr          000000
__Hsmallconst                                      smallconst   000000
__Hspace_0                                         (abs)        000F00
__Hspace_1                                         (abs)        00004E
__Hspace_2                                         (abs)        000000
__Hspace_4                                         (abs)        60000E
__Hstack                                           stack        000000
__Hstruct                                          struct       000000
__Htemp                                            temp         00004E
__Htext                                            text         000000
__Htext0                                           text0        000000
__Htext1                                           text1        000000
__Htext10                                          text10       000000
__Htext11                                          text11       000000
__Htext12                                          text12       000000
__Htext13                                          text13       000000
__Htext15                                          text15       000000
__Htext16                                          text16       000000
__Htext17                                          text17       000000
__Htext2                                           text2        000000
__Htext3                                           text3        000000
__Htext4                                           text4        000000
__Htext5                                           text5        000000
__Htext6                                           text6        000000
__Htext7                                           text7        000000
__Htext8                                           text8        000000
__Htext9                                           text9        000000
__LRAM                                             (abs)        000001
__Labs1                                            abs1         000000
__Lbank0                                           bank0        000000
__Lbank1                                           bank1        000000
__Lbank10                                          bank10       000000
__Lbank11                                          bank11       000000
__Lbank12                                          bank12       000000
__Lbank13                                          bank13       000000
__Lbank14                                          bank14       000000
__Lbank2                                           bank2        000000
__Lbank3                                           bank3        000000
__Lbank4                                           bank4        000000
__Lbank5                                           bank5        000000
__Lbank6                                           bank6        000000
__Lbank7                                           bank7        000000
__Lbank8                                           bank8        000000
__Lbank9                                           bank9        000000
__Lbigbss                                          bigbss       000000
__Lbigdata                                         bigdata      000000
__Lbigram                                          bigram       000000
__Lbigsfr                                          bigsfr       000000
__Lbss                                             bss          000000
__LbssCOMRAM                                       bssCOMRAM    000000
__Lcinit                                           cinit        000000
__Lclrtext                                         clrtext      000000
__Lcomram                                          comram       000000
__Lconfig                                          config       000000
__Lconst                                           const        000000
__LcstackCOMRAM                                    cstackCOMRAM 000000
__Ldata                                            data         000000
__Leeprom_data                                     eeprom_data  000000
__Lfarbss                                          farbss       000000
__Lfardata                                         fardata      000000
__Lheap                                            heap         000000
__Libigdata                                        ibigdata     000000
__Lidata                                           idata        000000
__Lidloc                                           idloc        000000
__Lifardata                                        ifardata     000000
__Linit                                            init         00004C
__Lintcode                                         intcode      000008
__Lintcode_body                                    intcode_body 000000
__Lintcodelo                                       intcodelo    00004C
__Lintentry                                        intentry     000000
__Lintret                                          intret       000000
__Lintsave_regs                                    intsave_regs 000000
__Lirdata                                          irdata       000000
__Lmediumconst                                     mediumconst  000000
__LnvFARRAM                                        nvFARRAM     000000
__Lnvbit                                           nvbit        000000
__Lnvrram                                          nvrram       000000
__Lparam                                           rparam       000000
__Lpowerup                                         powerup      00004C
__Lram                                             ram          000000
__Lramtop                                          ramtop       000F00
__Lrbit                                            rbit         000000
__Lrbss                                            rbss         000000
__Lrdata                                           rdata        000000
__Lreset_vec                                       reset_vec    000000
__Lrparam                                          rparam       000000
__Lsfr                                             sfr          000000
__Lsmallconst                                      smallconst   000000
__Lspace_0                                         (abs)        000000
__Lspace_1                                         (abs)        000000
__Lspace_2                                         (abs)        000000
__Lspace_4                                         (abs)        000000
__Lstack                                           stack        000000
__Lstruct                                          struct       000000
__Ltemp                                            temp         00004D
__Ltext                                            text         000000
__Ltext0                                           text0        000000
__Ltext1                                           text1        000000
__Ltext10                                          text10       000000
__Ltext11                                          text11       000000
__Ltext12                                          text12       000000
__Ltext13                                          text13       000000
__Ltext15                                          text15       000000
__Ltext16                                          text16       000000
__Ltext17                                          text17       000000
__Ltext2                                           text2        000000
__Ltext3                                           text3        000000
__Ltext4                                           text4        000000
__Ltext5                                           text5        000000
__Ltext6                                           text6        000000
__Ltext7                                           text7        000000
__Ltext8                                           text8        000000
__Ltext9                                           text9        000000
__S0                                               (abs)        000C58
__S1                                               (abs)        00004E
__S4                                               (abs)        000000
__S5                                               (abs)        000000
___heap_hi                                         (abs)        000000
___heap_lo                                         (abs)        000000
___inthi_sp                                        stack        000000
___intlo_sp                                        stack        000000
___param_bank                                      (abs)        000000
___rparam_used                                     (abs)        000001
___sp                                              stack        000000
__accesstop                                        (abs)        000060
__activetblptr                                     (abs)        000002
__end_of_CAN_receive                               text11       0005BE
__end_of_CAN_transmit                              text3        00036A
__end_of_ECAN_Initialize                           text9        000774
__end_of_ECAN_SetWakeUpInterruptHandler            text10       000C52
__end_of_ECAN_WAKI_ISR                             text15       000C0A
__end_of_INTERRUPT_Initialize                      text8        000C56
__end_of_INTERRUPT_InterruptManager                intcode      00004C
__end_of_OSCILLATOR_Initialize                     text7        000C48
__end_of_PIN_MANAGER_Initialize                    text6        000BB8
__end_of_SYSTEM_Initialize                         text5        000C36
__end_of_WakeUpDefaultInterruptHandler             text16       000C58
__end_of__initialization                           cinit        000C16
__end_of_convertCANid2Reg                          text4        0008E8
__end_of_convertReg2ExtendedCANid                  text13       000A22
__end_of_convertReg2StandardCANid                  text12       000B38
__end_of_main                                      text0        000AC0
__end_of_shutdown                                  text2        000B82
__end_of_startup                                   text1        000BEC
__initialization                                   cinit        000C0A
__mediumconst                                      mediumconst  000000
__pbssCOMRAM                                       bssCOMRAM    000001
__pcinit                                           cinit        000C0A
__pcstackCOMRAM                                    cstackCOMRAM 00002F
__pintcode                                         intcode      000008
__ptext0                                           text0        000A22
__ptext1                                           text1        000BB8
__ptext10                                          text10       000C48
__ptext11                                          text11       00036A
__ptext12                                          text12       000AC0
__ptext13                                          text13       0008E8
__ptext15                                          text15       000BEC
__ptext16                                          text16       000C56
__ptext17                                          text17       000000
__ptext2                                           text2        000B38
__ptext3                                           text3        000050
__ptext4                                           text4        000774
__ptext5                                           text5        000C24
__ptext6                                           text6        000B82
__ptext7                                           text7        000C36
__ptext8                                           text8        000C52
__ptext9                                           text9        0005BE
__ramtop                                           ramtop       000F00
__smallconst                                       smallconst   000000
_convertCANid2Reg                                  text4        000774
_convertReg2ExtendedCANid                          text13       0008E8
_convertReg2StandardCANid                          text12       000AC0
_latchOn                                           bssCOMRAM    000001
_main                                              text0        000A22
_rx                                                bssCOMRAM    000021
_shutdown                                          text2        000B38
_startup                                           text1        000BB8
_txstart                                           bssCOMRAM    000013
_txstop                                            bssCOMRAM    000005
btemp                                              temp         00004D
convertCANid2Reg@canIdType                         cstackCOMRAM 000035
convertCANid2Reg@passedInEIDH                      cstackCOMRAM 000036
convertCANid2Reg@passedInEIDL                      cstackCOMRAM 000038
convertCANid2Reg@passedInSIDH                      cstackCOMRAM 00003A
convertCANid2Reg@passedInSIDL                      cstackCOMRAM 00003C
convertCANid2Reg@tempPassedInID                    cstackCOMRAM 000031
convertCANid2Reg@wipSIDL                           cstackCOMRAM 000042
convertReg2ExtendedCANid@CAN_standardLo_ID_hi3bits cstackCOMRAM 00003F
convertReg2ExtendedCANid@CAN_standardLo_ID_lo2bits cstackCOMRAM 00003E
convertReg2ExtendedCANid@ConvertedID               cstackCOMRAM 000040
convertReg2ExtendedCANid@returnValue               cstackCOMRAM 00003A
convertReg2ExtendedCANid@tempRXBn_EIDH             cstackCOMRAM 000039
convertReg2ExtendedCANid@tempRXBn_EIDL             cstackCOMRAM 000031
convertReg2ExtendedCANid@tempRXBn_SIDH             cstackCOMRAM 000032
convertReg2ExtendedCANid@tempRXBn_SIDL             cstackCOMRAM 000033
convertReg2StandardCANid@ConvertedID               cstackCOMRAM 00003C
convertReg2StandardCANid@returnValue               cstackCOMRAM 000038
convertReg2StandardCANid@tempRXBn_SIDH             cstackCOMRAM 000037
convertReg2StandardCANid@tempRXBn_SIDL             cstackCOMRAM 000031
end_of_initialization                              cinit        000C16
int$flags                                          temp         00004D
intlevel0                                          text         000000
intlevel1                                          text         000000
intlevel2                                          text         000000
intlevel3                                          text         000000
isa$std                                            (abs)        000001
isa$xinst                                          (abs)        000000
stackhi                                            (abs)        000000
stacklo                                            (abs)        000000
start                                              init         00004C
start_initialization                               cinit        000C0A
ttemp5                                             temp         00004E
ttemp6                                             temp         000051
ttemp7                                             temp         000055
wtemp8                                             temp         00004E


MODULE INFORMATION

Module		Function		Class		Link	Load	Size
mcc_generated_files/interrupt_manager.c
		_INTERRUPT_Initialize		CODE           	0C52	0000	4
		_INTERRUPT_InterruptManager		CODE           	0008	0000	68

mcc_generated_files/interrupt_manager.c estimated size: 72

mcc_generated_files/pin_manager.c
		_PIN_MANAGER_Initialize		CODE           	0B82	0000	54

mcc_generated_files/pin_manager.c estimated size: 54

mcc_generated_files/ecan.c
		_ECAN_SetWakeUpInterruptHandler		CODE           	0C48	0000	10
		_CAN_receive   		CODE           	036A	0000	596
		_ECAN_Initialize		CODE           	05BE	0000	438
		_convertReg2ExtendedCANid		CODE           	08E8	0000	314
		_CAN_transmit  		CODE           	0050	0000	794
		_convertReg2StandardCANid		CODE           	0AC0	0000	120
		_WakeUpDefaultInterruptHandler		CODE           	0C56	0000	2
		_convertCANid2Reg		CODE           	0774	0000	372
		_ECAN_WAKI_ISR 		CODE           	0BEC	0000	30

mcc_generated_files/ecan.c estimated size: 2676

shared
		__initialization		CODE           	0C0A	0000	12

shared estimated size: 12

mcc_generated_files/mcc.c
		_OSCILLATOR_Initialize		CODE           	0C36	0000	18
		_SYSTEM_Initialize		CODE           	0C24	0000	18

mcc_generated_files/mcc.c estimated size: 36

main.c
		_startup       		CODE           	0BB8	0000	52
		_main          		CODE           	0A22	0000	158
		_shutdown      		CODE           	0B38	0000	74

main.c estimated size: 284

