Microchip MPLAB XC8 Compiler V2.35

Linker command line:

-W-3 --edf=C:\Program Files\Microchip\xc8\v2.35\pic\dat\en_msgs.txt -cn \
  -h+dist/default/production\DDISP_FW_V1.X.production.sym \
  --cmf=dist/default/production\DDISP_FW_V1.X.production.cmf -z -Q18F46K80 \
  -oC:\Users\antho\AppData\Local\Temp\xcAsnn8.5 --defsym=__MPLAB_BUILD=1 \
  -Mdist/default/production/DDISP_FW_V1.X.production.map \
  --md=C:\Users\antho\AppData\Local\Temp\xcBsnn8.dat -E1 -ver=XC8 Compiler \
  --acfsm=1493 -ACODE=00h-0FFFFh -ACONST=00h-0FFFFh \
  -ASMALLCONST=0F00h-0FFFhx241 -AMEDIUMCONST=0F00h-0FFFFh -ACOMRAM=01h-05Fh \
  -AABS1=00h-0E40h -ABIGRAM=01h-0E40h \
  -ARAM=060h-0FFh,0100h-01FFhx13,0E00h-0E40h -ABANK0=060h-0FFh \
  -ABANK1=0100h-01FFh -ABANK2=0200h-02FFh -ABANK3=0300h-03FFh \
  -ABANK4=0400h-04FFh -ABANK5=0500h-05FFh -ABANK6=0600h-06FFh \
  -ABANK7=0700h-07FFh -ABANK8=0800h-08FFh -ABANK9=0900h-09FFh \
  -ABANK10=0A00h-0AFFh -ABANK11=0B00h-0BFFh -ABANK12=0C00h-0CFFh \
  -ABANK13=0D00h-0DFFh -ABANK14=0E00h-0E40h \
  -ASFR=0E41h-0EFFh,0F00h-0F5Fh,0F60h-0FFFh -ABIGSFR=0E41h-0FFFh \
  -ACONFIG=0300000h-030000Dh -AIDLOC=0200000h-0200007h \
  -AEEDATA=0F00000h-0F003FFh -peeprom_data=EEDATA \
  -preset_vec=00h,intcode=08h,intcodelo,powerup,init -pramtop=0F00h \
  -psmallconst=SMALLCONST -pmediumconst=MEDIUMCONST -pconst=CONST \
  -AFARRAM=00h-00h \
  -prdata=COMRAM,nvrram=COMRAM,nvbit=COMRAM,rbss=COMRAM,rbit=COMRAM \
  -pfarbss=FARRAM,fardata=FARRAM,nvFARRAM=FARRAM \
  -pintsave_regs=BIGRAM,bigbss=BIGRAM,bigdata=BIGRAM -pbss=RAM \
  -pidata=CODE,irdata=CODE,ibigdata=CODE,ifardata=CODE -prparam=COMRAM \
  C:\Users\antho\AppData\Local\Temp\xcAsnn8.o \
  dist/default/production\DDISP_FW_V1.X.production.o 

Object code version is 3.11

Machine type is 18F46K80



                Name                               Link     Load   Length Selector   Space Scale
C:\Users\antho\AppData\Local\Temp\xcAsnn8.o
                idloc                            200000   200000        8        0       5
                config                           300000   300000        E        0       4
                init                                 4C       4C        4        4       0
                reset_vec                             0        0        4        0       0
dist/default/production\DDISP_FW_V1.X.production.o
                intcode                               8        8       44        4       0
                idloc                            200000   200000        8        0       5
                config                           300000   300000        E        0       4
                temp                                 4A       4A        1        1       1
                text17                              858      858        2        4       0
                text16                              7CC      7CC       1E        4       0
                text14                              84A      84A        A        4       0
                text13                              36A      36A      1B6        4       0
                text12                              840      840        A        4       0
                text11                              836      836        A        4       0
                text10                              82C      82C        A        4       0
                text9                               702      702       3E        4       0
                text8                               854      854        4        4       0
                text7                               81A      81A       12        4       0
                text6                               740      740       38        4       0
                text5                               804      804       16        4       0
                text4                               520      520      174        4       0
                text3                                50       50      31A        4       0
                text2                               7A2      7A2       2A        4       0
                text1                               778      778       2A        4       0
                text0                               694      694       6E        4       0
                cstackCOMRAM                         26       26       1E        1       1
                bssCOMRAM                             1        1       25        1       1
                cinit                               7EA      7EA       1A        4       0
                nvCOMRAM                             44       44        6        1       1

TOTAL           Name                               Link     Load   Length     Space
        CLASS   CODE           
                intcode                               8        8       44         0
                init                                 4C       4C        4         0
                reset_vec                             0        0        4         0
                text17                              858      858        2         0
                text16                              7CC      7CC       1E         0
                text14                              84A      84A        A         0
                text13                              36A      36A      1B6         0
                text12                              840      840        A         0
                text11                              836      836        A         0
                text10                              82C      82C        A         0
                text9                               702      702       3E         0
                text8                               854      854        4         0
                text7                               81A      81A       12         0
                text6                               740      740       38         0
                text5                               804      804       16         0
                text4                               520      520      174         0
                text3                                50       50      31A         0
                text2                               7A2      7A2       2A         0
                text1                               778      778       2A         0
                text0                               694      694       6E         0
                cinit                               7EA      7EA       1A         0

        CLASS   CONST          

        CLASS   SMALLCONST     

        CLASS   MEDIUMCONST    

        CLASS   COMRAM         
                temp                                 4A       4A        1         1
                cstackCOMRAM                         26       26       1E         1
                bssCOMRAM                             1        1       25         1
                nvCOMRAM                             44       44        6         1

        CLASS   ABS1           

        CLASS   BIGRAM         

        CLASS   RAM            

        CLASS   BANK0          

        CLASS   BANK1          

        CLASS   BANK2          

        CLASS   BANK3          

        CLASS   BANK4          

        CLASS   BANK5          

        CLASS   BANK6          

        CLASS   BANK7          

        CLASS   BANK8          

        CLASS   BANK9          

        CLASS   BANK10         

        CLASS   BANK11         

        CLASS   BANK12         

        CLASS   BANK13         

        CLASS   BANK14         

        CLASS   SFR            

        CLASS   BIGSFR         

        CLASS   CONFIG         
                config                           300000   300000        E         4

        CLASS   IDLOC          
                idloc                            200000   200000        8         5

        CLASS   EEDATA         

        CLASS   FARRAM         

        CLASS   HEAP           

        CLASS   STACK          



SEGMENTS        Name                           Load    Length   Top    Selector   Space  Class

                reset_vec                      000000  000004  000004         0       0  CODE    
                bssCOMRAM                      000001  00004A  00004B         1       1  COMRAM  
                intcode                        000008  000852  00085A         4       0  CODE    


UNUSED ADDRESS RANGES

        Name                Unused          Largest block    Delta
        BANK0            000060-0000FF               A0
        BANK1            000100-0001FF              100
        BANK10           000A00-000AFF              100
        BANK11           000B00-000BFF              100
        BANK12           000C00-000CFF              100
        BANK13           000D00-000DFF              100
        BANK14           000E00-000E40               41
        BANK2            000200-0002FF              100
        BANK3            000300-0003FF              100
        BANK4            000400-0004FF              100
        BANK5            000500-0005FF              100
        BANK6            000600-0006FF              100
        BANK7            000700-0007FF              100
        BANK8            000800-0008FF              100
        BANK9            000900-0009FF              100
        BIGRAM           00004B-000E40              DF6
        BIGSFR           000E41-000FFF              1BF
        CODE             000004-000007                4
                         00085A-00FFFF             F7A6
        COMRAM           00004B-00005F               15
        CONST            000004-000007                4
                         00085A-00FFFF             F7A6
        EEDATA           F00000-F003FF              400
        MEDIUMCONST      000F00-00FFFF             F100
        RAM              000060-000E40              100
        SFR              000E41-000FFF               BF
        SMALLCONST       000F00-00FFFF              100

                                  Symbol Table

CAN_transmit@tempCanMsg                         cstackCOMRAM 00003A
CAN_transmit@tempEIDH                           cstackCOMRAM 00003C
CAN_transmit@tempEIDL                           cstackCOMRAM 00003D
CAN_transmit@tempSIDH                           cstackCOMRAM 00003E
CAN_transmit@tempSIDL                           cstackCOMRAM 00003F
ECAN_SetWakeUpInterruptHandler@handler          cstackCOMRAM 000028
EUSART1_SetErrorHandler@interruptHandler        cstackCOMRAM 000028
EUSART1_SetFramingErrorHandler@interruptHandler cstackCOMRAM 000028
EUSART1_SetOverrunErrorHandler@interruptHandler cstackCOMRAM 000028
_ANCON0                                         (abs)        000F5D
_ANCON1                                         (abs)        000F5C
_BAUDCON1                                       (abs)        000FA7
_BRGCON1                                        (abs)        000E43
_BRGCON2                                        (abs)        000E44
_BRGCON3                                        (abs)        000E45
_BSEL0                                          (abs)        000E7D
_CANCON                                         (abs)        000F6F
_CANSTAT                                        (abs)        000F6E
_CAN_transmit                                   text3        000050
_CIOCON                                         (abs)        000F70
_COMSTATbits                                    (abs)        000F71
_ECANCON                                        (abs)        000F72
_ECAN_Initialize                                text13       00036A
_ECAN_SetWakeUpInterruptHandler                 text14       00084A
_ECAN_WAKI_ISR                                  text16       0007CC
_EUSART1_DefaultErrorHandler                    (abs)        000000
_EUSART1_DefaultFramingErrorHandler             (abs)        000000
_EUSART1_DefaultOverrunErrorHandler             (abs)        000000
_EUSART1_ErrorHandler                           nvCOMRAM     000044
_EUSART1_FramingErrorHandler                    nvCOMRAM     000048
_EUSART1_Initialize                             text9        000702
_EUSART1_OverrunErrorHandler                    nvCOMRAM     000046
_EUSART1_SetErrorHandler                        text12       000840
_EUSART1_SetFramingErrorHandler                 text11       000836
_EUSART1_SetOverrunErrorHandler                 text10       00082C
_INTCON2bits                                    (abs)        000FF1
_INTCONbits                                     (abs)        000FF2
_INTERRUPT_Initialize                           text8        000854
_INTERRUPT_InterruptManager                     intcode      000008
_LATA                                           (abs)        000F89
_LATB                                           (abs)        000F8A
_LATC                                           (abs)        000F8B
_LATCbits                                       (abs)        000F8B
_LATD                                           (abs)        000F8C
_LATE                                           (abs)        000F8D
_MSEL0                                          (abs)        000E79
_MSEL1                                          (abs)        000E7A
_MSEL2                                          (abs)        000E7B
_MSEL3                                          (abs)        000E7C
_OSCCON                                         (abs)        000FD3
_OSCCON2                                        (abs)        000FD2
_OSCILLATOR_Initialize                          text7        00081A
_OSCTUNE                                        (abs)        000F9B
_PIE5bits                                       (abs)        000F76
_PIN_MANAGER_Initialize                         text6        000740
_PIR1bits                                       (abs)        000F9E
_PIR5bits                                       (abs)        000F77
_PORTAbits                                      (abs)        000F80
_RCONbits                                       (abs)        000FD0
_RCREG1                                         (abs)        000FAE
_RCSTA1                                         (abs)        000FAB
_RCSTA1bits                                     (abs)        000FAB
_REFOCON                                        (abs)        000F9A
_RXB0CONbits                                    (abs)        000F60
_RXB0D0                                         (abs)        000F66
_RXB0D1                                         (abs)        000F67
_RXB0D2                                         (abs)        000F68
_RXB0D3                                         (abs)        000F69
_RXB0D4                                         (abs)        000F6A
_RXB0D5                                         (abs)        000F6B
_RXB0D6                                         (abs)        000F6C
_RXB0D7                                         (abs)        000F6D
_RXB0DLC                                        (abs)        000F65
_RXB0EIDH                                       (abs)        000F63
_RXB0EIDL                                       (abs)        000F64
_RXB0SIDH                                       (abs)        000F61
_RXB0SIDL                                       (abs)        000F62
_RXB1CONbits                                    (abs)        000F30
_RXB1D0                                         (abs)        000F36
_RXB1D1                                         (abs)        000F37
_RXB1D2                                         (abs)        000F38
_RXB1D3                                         (abs)        000F39
_RXB1D4                                         (abs)        000F3A
_RXB1D5                                         (abs)        000F3B
_RXB1D6                                         (abs)        000F3C
_RXB1D7                                         (abs)        000F3D
_RXB1DLC                                        (abs)        000F35
_RXB1EIDH                                       (abs)        000F33
_RXB1EIDL                                       (abs)        000F34
_RXB1SIDH                                       (abs)        000F31
_RXB1SIDL                                       (abs)        000F32
_RXF0EIDH                                       (abs)        000EE2
_RXF0EIDL                                       (abs)        000EE3
_RXF0SIDH                                       (abs)        000EE0
_RXF0SIDL                                       (abs)        000EE1
_RXF10EIDH                                      (abs)        000E5A
_RXF10EIDL                                      (abs)        000E5B
_RXF10SIDH                                      (abs)        000E58
_RXF10SIDL                                      (abs)        000E59
_RXF11EIDH                                      (abs)        000E5E
_RXF11EIDL                                      (abs)        000E5F
_RXF11SIDH                                      (abs)        000E5C
_RXF11SIDL                                      (abs)        000E5D
_RXF12EIDH                                      (abs)        000E62
_RXF12EIDL                                      (abs)        000E63
_RXF12SIDH                                      (abs)        000E60
_RXF12SIDL                                      (abs)        000E61
_RXF13EIDH                                      (abs)        000E66
_RXF13EIDL                                      (abs)        000E67
_RXF13SIDH                                      (abs)        000E64
_RXF13SIDL                                      (abs)        000E65
_RXF14EIDH                                      (abs)        000E6A
_RXF14EIDL                                      (abs)        000E6B
_RXF14SIDH                                      (abs)        000E68
_RXF14SIDL                                      (abs)        000E69
_RXF15EIDH                                      (abs)        000E6E
_RXF15EIDL                                      (abs)        000E6F
_RXF15SIDH                                      (abs)        000E6C
_RXF15SIDL                                      (abs)        000E6D
_RXF1EIDH                                       (abs)        000EE6
_RXF1EIDL                                       (abs)        000EE7
_RXF1SIDH                                       (abs)        000EE4
_RXF1SIDL                                       (abs)        000EE5
_RXF2EIDH                                       (abs)        000EEA
_RXF2EIDL                                       (abs)        000EEB
_RXF2SIDH                                       (abs)        000EE8
_RXF2SIDL                                       (abs)        000EE9
_RXF3EIDH                                       (abs)        000EEE
_RXF3EIDL                                       (abs)        000EEF
_RXF3SIDH                                       (abs)        000EEC
_RXF3SIDL                                       (abs)        000EED
_RXF4EIDH                                       (abs)        000EF2
_RXF4EIDL                                       (abs)        000EF3
_RXF4SIDH                                       (abs)        000EF0
_RXF4SIDL                                       (abs)        000EF1
_RXF5EIDH                                       (abs)        000EF6
_RXF5EIDL                                       (abs)        000EF7
_RXF5SIDH                                       (abs)        000EF4
_RXF5SIDL                                       (abs)        000EF5
_RXF6EIDH                                       (abs)        000E4A
_RXF6EIDL                                       (abs)        000E4B
_RXF6SIDH                                       (abs)        000E48
_RXF6SIDL                                       (abs)        000E49
_RXF7EIDH                                       (abs)        000E4E
_RXF7EIDL                                       (abs)        000E4F
_RXF7SIDH                                       (abs)        000E4C
_RXF7SIDL                                       (abs)        000E4D
_RXF8EIDH                                       (abs)        000E52
_RXF8EIDL                                       (abs)        000E53
_RXF8SIDH                                       (abs)        000E50
_RXF8SIDL                                       (abs)        000E51
_RXF9EIDH                                       (abs)        000E56
_RXF9EIDL                                       (abs)        000E57
_RXF9SIDH                                       (abs)        000E54
_RXF9SIDL                                       (abs)        000E55
_RXFBCON0                                       (abs)        000E71
_RXFBCON1                                       (abs)        000E72
_RXFBCON2                                       (abs)        000E73
_RXFBCON3                                       (abs)        000E74
_RXFBCON4                                       (abs)        000E75
_RXFBCON5                                       (abs)        000E76
_RXFBCON6                                       (abs)        000E77
_RXFBCON7                                       (abs)        000E78
_RXFCON0                                        (abs)        000E46
_RXFCON1                                        (abs)        000E47
_RXM0EIDH                                       (abs)        000EFA
_RXM0EIDL                                       (abs)        000EFB
_RXM0SIDH                                       (abs)        000EF8
_RXM0SIDL                                       (abs)        000EF9
_RXM1EIDH                                       (abs)        000EFE
_RXM1EIDL                                       (abs)        000EFF
_RXM1SIDH                                       (abs)        000EFC
_RXM1SIDL                                       (abs)        000EFD
_SPBRG1                                         (abs)        000FAF
_SPBRGH1                                        (abs)        000F7D
_SYSTEM_Initialize                              text5        000804
_TRISA                                          (abs)        000F92
_TRISB                                          (abs)        000F93
_TRISC                                          (abs)        000F94
_TRISD                                          (abs)        000F95
_TRISE                                          (abs)        000F96
_TXB0CONbits                                    (abs)        000F20
_TXB0D0                                         (abs)        000F26
_TXB0D1                                         (abs)        000F27
_TXB0D2                                         (abs)        000F28
_TXB0D3                                         (abs)        000F29
_TXB0D4                                         (abs)        000F2A
_TXB0D5                                         (abs)        000F2B
_TXB0D6                                         (abs)        000F2C
_TXB0D7                                         (abs)        000F2D
_TXB0DLC                                        (abs)        000F25
_TXB0EIDH                                       (abs)        000F23
_TXB0EIDL                                       (abs)        000F24
_TXB0SIDH                                       (abs)        000F21
_TXB0SIDL                                       (abs)        000F22
_TXB1CONbits                                    (abs)        000F10
_TXB1D0                                         (abs)        000F16
_TXB1D1                                         (abs)        000F17
_TXB1D2                                         (abs)        000F18
_TXB1D3                                         (abs)        000F19
_TXB1D4                                         (abs)        000F1A
_TXB1D5                                         (abs)        000F1B
_TXB1D6                                         (abs)        000F1C
_TXB1D7                                         (abs)        000F1D
_TXB1DLC                                        (abs)        000F15
_TXB1EIDH                                       (abs)        000F13
_TXB1EIDL                                       (abs)        000F14
_TXB1SIDH                                       (abs)        000F11
_TXB1SIDL                                       (abs)        000F12
_TXB2CONbits                                    (abs)        000F00
_TXB2D0                                         (abs)        000F06
_TXB2D1                                         (abs)        000F07
_TXB2D2                                         (abs)        000F08
_TXB2D3                                         (abs)        000F09
_TXB2D4                                         (abs)        000F0A
_TXB2D5                                         (abs)        000F0B
_TXB2D6                                         (abs)        000F0C
_TXB2D7                                         (abs)        000F0D
_TXB2DLC                                        (abs)        000F05
_TXB2EIDH                                       (abs)        000F03
_TXB2EIDL                                       (abs)        000F04
_TXB2SIDH                                       (abs)        000F01
_TXB2SIDL                                       (abs)        000F02
_TXREG1                                         (abs)        000FAD
_TXSTA1                                         (abs)        000FAC
_TXSTA1bits                                     (abs)        000FAC
_WPUB                                           (abs)        000F5B
_WakeUpDefaultInterruptHandler                  text17       000858
_WakeUpInterruptHandler                         bssCOMRAM    000007
__HRAM                                          (abs)        000000
__Habs1                                         abs1         000000
__Hbank0                                        bank0        000000
__Hbank1                                        bank1        000000
__Hbank10                                       bank10       000000
__Hbank11                                       bank11       000000
__Hbank12                                       bank12       000000
__Hbank13                                       bank13       000000
__Hbank14                                       bank14       000000
__Hbank2                                        bank2        000000
__Hbank3                                        bank3        000000
__Hbank4                                        bank4        000000
__Hbank5                                        bank5        000000
__Hbank6                                        bank6        000000
__Hbank7                                        bank7        000000
__Hbank8                                        bank8        000000
__Hbank9                                        bank9        000000
__Hbigbss                                       bigbss       000000
__Hbigdata                                      bigdata      000000
__Hbigram                                       bigram       000000
__Hbigsfr                                       bigsfr       000000
__Hbss                                          bss          000000
__HbssCOMRAM                                    bssCOMRAM    000000
__Hcinit                                        cinit        000000
__Hclrtext                                      clrtext      000000
__Hcomram                                       comram       000000
__Hconfig                                       config       30000E
__Hconst                                        const        000000
__HcstackCOMRAM                                 cstackCOMRAM 000000
__Hdata                                         data         000000
__Heeprom_data                                  eeprom_data  000000
__Hfarbss                                       farbss       000000
__Hfardata                                      fardata      000000
__Hheap                                         heap         000000
__Hibigdata                                     ibigdata     000000
__Hidata                                        idata        000000
__Hidloc                                        idloc        200008
__Hifardata                                     ifardata     000000
__Hinit                                         init         000050
__Hintcode                                      intcode      00004C
__Hintcode_body                                 intcode_body 000000
__Hintcodelo                                    intcodelo    00004C
__Hintentry                                     intentry     000000
__Hintret                                       intret       000000
__Hintsave_regs                                 intsave_regs 000000
__Hirdata                                       irdata       000000
__Hmediumconst                                  mediumconst  000000
__HnvCOMRAM                                     nvCOMRAM     000000
__HnvFARRAM                                     nvFARRAM     000000
__Hnvbit                                        nvbit        000000
__Hnvrram                                       nvrram       000000
__Hparam                                        rparam       000000
__Hpowerup                                      powerup      00004C
__Hram                                          ram          000000
__Hramtop                                       ramtop       000F00
__Hrbit                                         rbit         000000
__Hrbss                                         rbss         000000
__Hrdata                                        rdata        000000
__Hreset_vec                                    reset_vec    000004
__Hrparam                                       rparam       000000
__Hsfr                                          sfr          000000
__Hsmallconst                                   smallconst   000000
__Hspace_0                                      (abs)        000F00
__Hspace_1                                      (abs)        00004B
__Hspace_2                                      (abs)        000000
__Hspace_4                                      (abs)        60000E
__Hstack                                        stack        000000
__Hstruct                                       struct       000000
__Htemp                                         temp         00004B
__Htext                                         text         000000
__Htext0                                        text0        000000
__Htext1                                        text1        000000
__Htext10                                       text10       000000
__Htext11                                       text11       000000
__Htext12                                       text12       000000
__Htext13                                       text13       000000
__Htext14                                       text14       000000
__Htext16                                       text16       000000
__Htext17                                       text17       000000
__Htext18                                       text18       000000
__Htext2                                        text2        000000
__Htext3                                        text3        000000
__Htext4                                        text4        000000
__Htext5                                        text5        000000
__Htext6                                        text6        000000
__Htext7                                        text7        000000
__Htext8                                        text8        000000
__Htext9                                        text9        000000
__LRAM                                          (abs)        000001
__Labs1                                         abs1         000000
__Lbank0                                        bank0        000000
__Lbank1                                        bank1        000000
__Lbank10                                       bank10       000000
__Lbank11                                       bank11       000000
__Lbank12                                       bank12       000000
__Lbank13                                       bank13       000000
__Lbank14                                       bank14       000000
__Lbank2                                        bank2        000000
__Lbank3                                        bank3        000000
__Lbank4                                        bank4        000000
__Lbank5                                        bank5        000000
__Lbank6                                        bank6        000000
__Lbank7                                        bank7        000000
__Lbank8                                        bank8        000000
__Lbank9                                        bank9        000000
__Lbigbss                                       bigbss       000000
__Lbigdata                                      bigdata      000000
__Lbigram                                       bigram       000000
__Lbigsfr                                       bigsfr       000000
__Lbss                                          bss          000000
__LbssCOMRAM                                    bssCOMRAM    000000
__Lcinit                                        cinit        000000
__Lclrtext                                      clrtext      000000
__Lcomram                                       comram       000000
__Lconfig                                       config       000000
__Lconst                                        const        000000
__LcstackCOMRAM                                 cstackCOMRAM 000000
__Ldata                                         data         000000
__Leeprom_data                                  eeprom_data  000000
__Lfarbss                                       farbss       000000
__Lfardata                                      fardata      000000
__Lheap                                         heap         000000
__Libigdata                                     ibigdata     000000
__Lidata                                        idata        000000
__Lidloc                                        idloc        000000
__Lifardata                                     ifardata     000000
__Linit                                         init         00004C
__Lintcode                                      intcode      000008
__Lintcode_body                                 intcode_body 000000
__Lintcodelo                                    intcodelo    00004C
__Lintentry                                     intentry     000000
__Lintret                                       intret       000000
__Lintsave_regs                                 intsave_regs 000000
__Lirdata                                       irdata       000000
__Lmediumconst                                  mediumconst  000000
__LnvCOMRAM                                     nvCOMRAM     000000
__LnvFARRAM                                     nvFARRAM     000000
__Lnvbit                                        nvbit        000000
__Lnvrram                                       nvrram       000000
__Lparam                                        rparam       000000
__Lpowerup                                      powerup      00004C
__Lram                                          ram          000000
__Lramtop                                       ramtop       000F00
__Lrbit                                         rbit         000000
__Lrbss                                         rbss         000000
__Lrdata                                        rdata        000000
__Lreset_vec                                    reset_vec    000000
__Lrparam                                       rparam       000000
__Lsfr                                          sfr          000000
__Lsmallconst                                   smallconst   000000
__Lspace_0                                      (abs)        000000
__Lspace_1                                      (abs)        000000
__Lspace_2                                      (abs)        000000
__Lspace_4                                      (abs)        000000
__Lstack                                        stack        000000
__Lstruct                                       struct       000000
__Ltemp                                         temp         00004A
__Ltext                                         text         000000
__Ltext0                                        text0        000000
__Ltext1                                        text1        000000
__Ltext10                                       text10       000000
__Ltext11                                       text11       000000
__Ltext12                                       text12       000000
__Ltext13                                       text13       000000
__Ltext14                                       text14       000000
__Ltext16                                       text16       000000
__Ltext17                                       text17       000000
__Ltext18                                       text18       000000
__Ltext2                                        text2        000000
__Ltext3                                        text3        000000
__Ltext4                                        text4        000000
__Ltext5                                        text5        000000
__Ltext6                                        text6        000000
__Ltext7                                        text7        000000
__Ltext8                                        text8        000000
__Ltext9                                        text9        000000
__S0                                            (abs)        00085A
__S1                                            (abs)        00004B
__S4                                            (abs)        000000
__S5                                            (abs)        000000
___heap_hi                                      (abs)        000000
___heap_lo                                      (abs)        000000
___inthi_sp                                     stack        000000
___intlo_sp                                     stack        000000
___param_bank                                   (abs)        000000
___rparam_used                                  (abs)        000001
___sp                                           stack        000000
__accesstop                                     (abs)        000060
__activetblptr                                  (abs)        000002
__end_of_CAN_transmit                           text3        00036A
__end_of_ECAN_Initialize                        text13       000520
__end_of_ECAN_SetWakeUpInterruptHandler         text14       000854
__end_of_ECAN_WAKI_ISR                          text16       0007EA
__end_of_EUSART1_Initialize                     text9        000740
__end_of_EUSART1_SetErrorHandler                text12       00084A
__end_of_EUSART1_SetFramingErrorHandler         text11       000840
__end_of_EUSART1_SetOverrunErrorHandler         text10       000836
__end_of_INTERRUPT_Initialize                   text8        000858
__end_of_INTERRUPT_InterruptManager             intcode      00004C
__end_of_OSCILLATOR_Initialize                  text7        00082C
__end_of_PIN_MANAGER_Initialize                 text6        000778
__end_of_SYSTEM_Initialize                      text5        00081A
__end_of_WakeUpDefaultInterruptHandler          text17       00085A
__end_of__initialization                        cinit        0007F6
__end_of_canLeftSignal                          text2        0007CC
__end_of_canRightSignal                         text1        0007A2
__end_of_convertCANid2Reg                       text4        000694
__end_of_main                                   text0        000702
__initialization                                cinit        0007EA
__mediumconst                                   mediumconst  000000
__pbssCOMRAM                                    bssCOMRAM    000001
__pcinit                                        cinit        0007EA
__pcstackCOMRAM                                 cstackCOMRAM 000026
__pintcode                                      intcode      000008
__pnvCOMRAM                                     nvCOMRAM     000044
__ptext0                                        text0        000694
__ptext1                                        text1        000778
__ptext10                                       text10       00082C
__ptext11                                       text11       000836
__ptext12                                       text12       000840
__ptext13                                       text13       00036A
__ptext14                                       text14       00084A
__ptext16                                       text16       0007CC
__ptext17                                       text17       000858
__ptext18                                       text18       000000
__ptext2                                        text2        0007A2
__ptext3                                        text3        000050
__ptext4                                        text4        000520
__ptext5                                        text5        000804
__ptext6                                        text6        000740
__ptext7                                        text7        00081A
__ptext8                                        text8        000854
__ptext9                                        text9        000702
__ramtop                                        ramtop       000F00
__smallconst                                    smallconst   000000
_b10FuncActive                                  bssCOMRAM    000001
_b1FuncActive                                   bssCOMRAM    000005
_b2FuncActive                                   bssCOMRAM    000003
_canLeftSignal                                  text2        0007A2
_canRightSignal                                 text1        000778
_convertCANid2Reg                               text4        000520
_eusart1RxLastError                             bssCOMRAM    000009
_main                                           text0        000694
_tx1                                            bssCOMRAM    000018
_tx2                                            bssCOMRAM    00000A
btemp                                           temp         00004A
canLeftSignal@number                            cstackCOMRAM 000040
canRightSignal@number                           cstackCOMRAM 000040
convertCANid2Reg@canIdType                      cstackCOMRAM 00002C
convertCANid2Reg@passedInEIDH                   cstackCOMRAM 00002D
convertCANid2Reg@passedInEIDL                   cstackCOMRAM 00002F
convertCANid2Reg@passedInSIDH                   cstackCOMRAM 000031
convertCANid2Reg@passedInSIDL                   cstackCOMRAM 000033
convertCANid2Reg@tempPassedInID                 cstackCOMRAM 000028
convertCANid2Reg@wipSIDL                        cstackCOMRAM 000039
end_of_initialization                           cinit        0007F6
int$flags                                       temp         00004A
intlevel0                                       text         000000
intlevel1                                       text         000000
intlevel2                                       text         000000
intlevel3                                       text         000000
isa$std                                         (abs)        000001
isa$xinst                                       (abs)        000000
stackhi                                         (abs)        000000
stacklo                                         (abs)        000000
start                                           init         00004C
start_initialization                            cinit        0007EA
ttemp5                                          temp         00004B
ttemp6                                          temp         00004E
ttemp7                                          temp         000052
wtemp8                                          temp         00004B


MODULE INFORMATION

Module		Function		Class		Link	Load	Size
mcc_generated_files/interrupt_manager.c
		_INTERRUPT_Initialize		CODE           	0854	0000	4
		_INTERRUPT_InterruptManager		CODE           	0008	0000	68

mcc_generated_files/interrupt_manager.c estimated size: 72

mcc_generated_files/pin_manager.c
		_PIN_MANAGER_Initialize		CODE           	0740	0000	56

mcc_generated_files/pin_manager.c estimated size: 56

mcc_generated_files/ecan.c
		_ECAN_SetWakeUpInterruptHandler		CODE           	084A	0000	10
		_ECAN_Initialize		CODE           	036A	0000	438
		_CAN_transmit  		CODE           	0050	0000	794
		_WakeUpDefaultInterruptHandler		CODE           	0858	0000	2
		_convertCANid2Reg		CODE           	0520	0000	372
		_ECAN_WAKI_ISR 		CODE           	07CC	0000	30

mcc_generated_files/ecan.c estimated size: 1646

shared
		__initialization		CODE           	07EA	0000	12

shared estimated size: 12

mcc_generated_files/eusart1.c
		_EUSART1_Initialize		CODE           	0702	0000	62
		_EUSART1_SetFramingErrorHandler		CODE           	0836	0000	10
		_EUSART1_SetOverrunErrorHandler		CODE           	082C	0000	10
		_EUSART1_SetErrorHandler		CODE           	0840	0000	10

mcc_generated_files/eusart1.c estimated size: 92

mcc_generated_files/mcc.c
		_OSCILLATOR_Initialize		CODE           	081A	0000	18
		_SYSTEM_Initialize		CODE           	0804	0000	22

mcc_generated_files/mcc.c estimated size: 40

main.c
		_main          		CODE           	0694	0000	110
		_canRightSignal		CODE           	0778	0000	42
		_canLeftSignal 		CODE           	07A2	0000	42

main.c estimated size: 194

