Microchip MPLAB XC8 Compiler V2.36

Linker command line:

-W-3 --edf=C:\Program Files\Microchip\xc8\v2.36\pic\dat\en_msgs.txt -cn \
  -h+dist/default/production\DDISP_FW_V1.X.production.sym \
  --cmf=dist/default/production\DDISP_FW_V1.X.production.cmf -z -Q18F46K80 \
  -oC:\Users\ethan\AppData\Local\Temp\xcAssh4.4 --defsym=__MPLAB_BUILD=1 \
  -Mdist/default/production/DDISP_FW_V1.X.production.map \
  --md=C:\Users\ethan\AppData\Local\Temp\xcAssh4.dat -E1 -ver=XC8 Compiler \
  --acfsm=1493 -ACODE=00h-0FFFFh -ACONST=00h-0FFFFh \
  -ASMALLCONST=0F00h-0FFFhx241 -AMEDIUMCONST=0F00h-0FFFFh -ACOMRAM=01h-05Fh \
  -AABS1=00h-0E40h -ABIGRAM=01h-0E40h \
  -ARAM=060h-0FFh,0100h-01FFhx13,0E00h-0E40h -ABANK0=060h-0FFh \
  -ABANK1=0100h-01FFh -ABANK2=0200h-02FFh -ABANK3=0300h-03FFh \
  -ABANK4=0400h-04FFh -ABANK5=0500h-05FFh -ABANK6=0600h-06FFh \
  -ABANK7=0700h-07FFh -ABANK8=0800h-08FFh -ABANK9=0900h-09FFh \
  -ABANK10=0A00h-0AFFh -ABANK11=0B00h-0BFFh -ABANK12=0C00h-0CFFh \
  -ABANK13=0D00h-0DFFh -ABANK14=0E00h-0E40h \
  -ASFR=0E41h-0EFFh,0F00h-0F5Fh,0F60h-0FFFh -ABIGSFR=0E41h-0FFFh \
  -ACONFIG=0300000h-030000Dh -AIDLOC=0200000h-0200007h \
  -AEEDATA=0F00000h-0F003FFh -peeprom_data=EEDATA \
  -preset_vec=00h,intcode=08h,intcodelo,powerup,init -pramtop=0F00h \
  -psmallconst=SMALLCONST -pmediumconst=MEDIUMCONST -pconst=CONST \
  -AFARRAM=00h-00h \
  -prdata=COMRAM,nvrram=COMRAM,nvbit=COMRAM,rbss=COMRAM,rbit=COMRAM \
  -pfarbss=FARRAM,fardata=FARRAM,nvFARRAM=FARRAM \
  -pintsave_regs=BIGRAM,bigbss=BIGRAM,bigdata=BIGRAM -pbss=RAM \
  -pidata=CODE,irdata=CODE,ibigdata=CODE,ifardata=CODE -prparam=COMRAM \
  C:\Users\ethan\AppData\Local\Temp\xcAssh4.o \
  dist/default/production\DDISP_FW_V1.X.production.o 

Object code version is 3.11

Machine type is 18F46K80



                Name                               Link     Load   Length Selector   Space Scale
C:\Users\ethan\AppData\Local\Temp\xcAssh4.o
                idloc                            200000   200000        8        0       5
                config                           300000   300000        E        0       4
                init                                 4C       4C        4        4       0
                reset_vec                             0        0        4        0       0
dist/default/production\DDISP_FW_V1.X.production.o
                intcode                               8        8       44        4       0
                idloc                            200000   200000        8        0       5
                config                           300000   300000        E        0       4
                temp                                 5A       5A        1        1       1
                text36                             1B06     1B06        2        4       0
                text35                             1A7E     1A7E       1E        4       0
                text33                              E72      E72      13A        4       0
                text32                             18E6     18E6       78        4       0
                text31                              906      906      254        4       0
                text30                             1AF8     1AF8        A        4       0
                text29                              B5A      B5A      1A4        4       0
                text28                             1AEE     1AEE        A        4       0
                text27                             1AE4     1AE4        A        4       0
                text26                             1ADA     1ADA        A        4       0
                text25                             195E     195E       3E        4       0
                text24                             1B02     1B02        4        4       0
                text23                             1AC8     1AC8       12        4       0
                text22                             199C     199C       38        4       0
                text21                             1AB2     1AB2       16        4       0
                text20                              CFE      CFE      174        4       0
                text19                              5EC      5EC      31A        4       0
                text18                             1A2C     1A2C       2C        4       0
                text17                             1A00     1A00       2C        4       0
                text16                             19D4     19D4       2C        4       0
                text15                             118C     118C       F0        4       0
                text14                             1A9C     1A9C       16        4       0
                text13                             17D4     17D4       98        4       0
                text12                             173C     173C       98        4       0
                text11                             16A4     16A4       98        4       0
                text10                             160C     160C       98        4       0
                text9                              1574     1574       98        4       0
                text8                              14DC     14DC       98        4       0
                text7                              1444     1444       98        4       0
                text6                              13AC     13AC       98        4       0
                text5                              1314     1314       98        4       0
                text4                              127C     127C       98        4       0
                text3                              186C     186C       7A        4       0
                text2                              109C     109C       F0        4       0
                text1                               FAC      FAC       F0        4       0
                text0                                50       50      59C        4       0
                cstackCOMRAM                         38       38       1E        1       1
                cstackBANK0                          C2       C2        4       60       1
                bssBANK0                             60       60       62       60       1
                bssCOMRAM                             1        1       37        1       1
                cinit                              1A58     1A58       26        4       0
                nvBANK0                              C6       C6        2       60       1
                nvCOMRAM                             56       56        4        1       1

TOTAL           Name                               Link     Load   Length     Space
        CLASS   CODE           
                intcode                               8        8       44         0
                init                                 4C       4C        4         0
                reset_vec                             0        0        4         0
                text36                             1B06     1B06        2         0
                text35                             1A7E     1A7E       1E         0
                text33                              E72      E72      13A         0
                text32                             18E6     18E6       78         0
                text31                              906      906      254         0
                text30                             1AF8     1AF8        A         0
                text29                              B5A      B5A      1A4         0
                text28                             1AEE     1AEE        A         0
                text27                             1AE4     1AE4        A         0
                text26                             1ADA     1ADA        A         0
                text25                             195E     195E       3E         0
                text24                             1B02     1B02        4         0
                text23                             1AC8     1AC8       12         0
                text22                             199C     199C       38         0
                text21                             1AB2     1AB2       16         0
                text20                              CFE      CFE      174         0
                text19                              5EC      5EC      31A         0
                text18                             1A2C     1A2C       2C         0
                text17                             1A00     1A00       2C         0
                text16                             19D4     19D4       2C         0
                text15                             118C     118C       F0         0
                text14                             1A9C     1A9C       16         0
                text13                             17D4     17D4       98         0
                text12                             173C     173C       98         0
                text11                             16A4     16A4       98         0
                text10                             160C     160C       98         0
                text9                              1574     1574       98         0
                text8                              14DC     14DC       98         0
                text7                              1444     1444       98         0
                text6                              13AC     13AC       98         0
                text5                              1314     1314       98         0
                text4                              127C     127C       98         0
                text3                              186C     186C       7A         0
                text2                              109C     109C       F0         0
                text1                               FAC      FAC       F0         0
                text0                                50       50      59C         0
                cinit                              1A58     1A58       26         0

        CLASS   CONST          

        CLASS   SMALLCONST     

        CLASS   MEDIUMCONST    

        CLASS   COMRAM         
                temp                                 5A       5A        1         1
                cstackCOMRAM                         38       38       1E         1
                bssCOMRAM                             1        1       37         1
                nvCOMRAM                             56       56        4         1

        CLASS   ABS1           

        CLASS   BIGRAM         

        CLASS   RAM            

        CLASS   BANK0          
                cstackBANK0                          C2       C2        4         1
                bssBANK0                             60       60       62         1
                nvBANK0                              C6       C6        2         1

        CLASS   BANK1          

        CLASS   BANK2          

        CLASS   BANK3          

        CLASS   BANK4          

        CLASS   BANK5          

        CLASS   BANK6          

        CLASS   BANK7          

        CLASS   BANK8          

        CLASS   BANK9          

        CLASS   BANK10         

        CLASS   BANK11         

        CLASS   BANK12         

        CLASS   BANK13         

        CLASS   BANK14         

        CLASS   SFR            

        CLASS   BIGSFR         

        CLASS   CONFIG         
                config                           300000   300000        E         4

        CLASS   IDLOC          
                idloc                            200000   200000        8         5

        CLASS   EEDATA         

        CLASS   FARRAM         

        CLASS   HEAP           

        CLASS   STACK          



SEGMENTS        Name                           Load    Length   Top    Selector   Space  Class

                reset_vec                      000000  000004  000004         0       0  CODE    
                bssCOMRAM                      000001  00005A  00005B         1       1  COMRAM  
                intcode                        000008  001B00  001B08         4       0  CODE    
                bssBANK0                       000060  000068  0000C8        60       1  BANK0   


UNUSED ADDRESS RANGES

        Name                Unused          Largest block    Delta
        BANK0            0000C8-0000FF               38
        BANK1            000100-0001FF              100
        BANK10           000A00-000AFF              100
        BANK11           000B00-000BFF              100
        BANK12           000C00-000CFF              100
        BANK13           000D00-000DFF              100
        BANK14           000E00-000E40               41
        BANK2            000200-0002FF              100
        BANK3            000300-0003FF              100
        BANK4            000400-0004FF              100
        BANK5            000500-0005FF              100
        BANK6            000600-0006FF              100
        BANK7            000700-0007FF              100
        BANK8            000800-0008FF              100
        BANK9            000900-0009FF              100
        BIGRAM           00005B-00005F                5
                         0000C8-000E40              D79
        BIGSFR           000E41-000FFF              1BF
        CODE             000004-000007                4
                         001B08-00FFFF             E4F8
        COMRAM           00005B-00005F                5
        CONST            000004-000007                4
                         001B08-00FFFF             E4F8
        EEDATA           F00000-F003FF              400
        MEDIUMCONST      001B08-00FFFF             E4F8
        RAM              0000C8-000E40              100
        SFR              000E41-000FFF               BF
        SMALLCONST       001B08-00FFFF              100

                                  Symbol Table

?_convertReg2ExtendedCANid                         cstackCOMRAM 00003A
?_convertReg2StandardCANid                         cstackCOMRAM 00003A
CAN_receive@returnValue                            cstackCOMRAM 00004F
CAN_receive@tempCanMsg                             cstackCOMRAM 00004D
CAN_transmit@tempCanMsg                            cstackCOMRAM 00004C
CAN_transmit@tempEIDH                              cstackCOMRAM 00004E
CAN_transmit@tempEIDL                              cstackCOMRAM 00004F
CAN_transmit@tempSIDH                              cstackCOMRAM 000050
CAN_transmit@tempSIDL                              cstackCOMRAM 000051
ECAN_SetWakeUpInterruptHandler@handler             cstackCOMRAM 00003A
EUSART1_SetErrorHandler@interruptHandler           cstackCOMRAM 00003A
EUSART1_SetFramingErrorHandler@interruptHandler    cstackCOMRAM 00003A
EUSART1_SetOverrunErrorHandler@interruptHandler    cstackCOMRAM 00003A
EUSART1_Write@txData                               cstackCOMRAM 00003A
_ANCON0                                            (abs)        000F5D
_ANCON1                                            (abs)        000F5C
_BAUDCON1                                          (abs)        000FA7
_BRGCON1                                           (abs)        000E43
_BRGCON2                                           (abs)        000E44
_BRGCON3                                           (abs)        000E45
_BSEL0                                             (abs)        000E7D
_CANCON                                            (abs)        000F6F
_CANSTAT                                           (abs)        000F6E
_CAN_receive                                       text31       000906
_CAN_transmit                                      text19       0005EC
_CIOCON                                            (abs)        000F70
_COMSTATbits                                       (abs)        000F71
_ECANCON                                           (abs)        000F72
_ECAN_Initialize                                   text29       000B5A
_ECAN_SetWakeUpInterruptHandler                    text30       001AF8
_ECAN_WAKI_ISR                                     text35       001A7E
_EUSART1_DefaultErrorHandler                       (abs)        000000
_EUSART1_DefaultFramingErrorHandler                (abs)        000000
_EUSART1_DefaultOverrunErrorHandler                (abs)        000000
_EUSART1_ErrorHandler                              nvBANK0      0000C6
_EUSART1_FramingErrorHandler                       nvCOMRAM     000058
_EUSART1_Initialize                                text25       00195E
_EUSART1_OverrunErrorHandler                       nvCOMRAM     000056
_EUSART1_SetErrorHandler                           text28       001AEE
_EUSART1_SetFramingErrorHandler                    text27       001AE4
_EUSART1_SetOverrunErrorHandler                    text26       001ADA
_EUSART1_Write                                     text14       001A9C
_INTCON2bits                                       (abs)        000FF1
_INTCONbits                                        (abs)        000FF2
_INTERRUPT_Initialize                              text24       001B02
_INTERRUPT_InterruptManager                        intcode      000008
_LATA                                              (abs)        000F89
_LATB                                              (abs)        000F8A
_LATC                                              (abs)        000F8B
_LATCbits                                          (abs)        000F8B
_LATD                                              (abs)        000F8C
_LATE                                              (abs)        000F8D
_MSEL0                                             (abs)        000E79
_MSEL1                                             (abs)        000E7A
_MSEL2                                             (abs)        000E7B
_MSEL3                                             (abs)        000E7C
_OSCCON                                            (abs)        000FD3
_OSCCON2                                           (abs)        000FD2
_OSCILLATOR_Initialize                             text23       001AC8
_OSCTUNE                                           (abs)        000F9B
_PIE5bits                                          (abs)        000F76
_PIN_MANAGER_Initialize                            text22       00199C
_PIR1bits                                          (abs)        000F9E
_PIR5bits                                          (abs)        000F77
_PORTAbits                                         (abs)        000F80
_PORTCbits                                         (abs)        000F82
_RCONbits                                          (abs)        000FD0
_RCREG1                                            (abs)        000FAE
_RCSTA1                                            (abs)        000FAB
_RCSTA1bits                                        (abs)        000FAB
_REFOCON                                           (abs)        000F9A
_RXB0CONbits                                       (abs)        000F60
_RXB0D0                                            (abs)        000F66
_RXB0D1                                            (abs)        000F67
_RXB0D2                                            (abs)        000F68
_RXB0D3                                            (abs)        000F69
_RXB0D4                                            (abs)        000F6A
_RXB0D5                                            (abs)        000F6B
_RXB0D6                                            (abs)        000F6C
_RXB0D7                                            (abs)        000F6D
_RXB0DLC                                           (abs)        000F65
_RXB0EIDH                                          (abs)        000F63
_RXB0EIDL                                          (abs)        000F64
_RXB0SIDH                                          (abs)        000F61
_RXB0SIDL                                          (abs)        000F62
_RXB1CONbits                                       (abs)        000F30
_RXB1D0                                            (abs)        000F36
_RXB1D1                                            (abs)        000F37
_RXB1D2                                            (abs)        000F38
_RXB1D3                                            (abs)        000F39
_RXB1D4                                            (abs)        000F3A
_RXB1D5                                            (abs)        000F3B
_RXB1D6                                            (abs)        000F3C
_RXB1D7                                            (abs)        000F3D
_RXB1DLC                                           (abs)        000F35
_RXB1EIDH                                          (abs)        000F33
_RXB1EIDL                                          (abs)        000F34
_RXB1SIDH                                          (abs)        000F31
_RXB1SIDL                                          (abs)        000F32
_RXF0EIDH                                          (abs)        000EE2
_RXF0EIDL                                          (abs)        000EE3
_RXF0SIDH                                          (abs)        000EE0
_RXF0SIDL                                          (abs)        000EE1
_RXF10EIDH                                         (abs)        000E5A
_RXF10EIDL                                         (abs)        000E5B
_RXF10SIDH                                         (abs)        000E58
_RXF10SIDL                                         (abs)        000E59
_RXF11EIDH                                         (abs)        000E5E
_RXF11EIDL                                         (abs)        000E5F
_RXF11SIDH                                         (abs)        000E5C
_RXF11SIDL                                         (abs)        000E5D
_RXF12EIDH                                         (abs)        000E62
_RXF12EIDL                                         (abs)        000E63
_RXF12SIDH                                         (abs)        000E60
_RXF12SIDL                                         (abs)        000E61
_RXF13EIDH                                         (abs)        000E66
_RXF13EIDL                                         (abs)        000E67
_RXF13SIDH                                         (abs)        000E64
_RXF13SIDL                                         (abs)        000E65
_RXF14EIDH                                         (abs)        000E6A
_RXF14EIDL                                         (abs)        000E6B
_RXF14SIDH                                         (abs)        000E68
_RXF14SIDL                                         (abs)        000E69
_RXF15EIDH                                         (abs)        000E6E
_RXF15EIDL                                         (abs)        000E6F
_RXF15SIDH                                         (abs)        000E6C
_RXF15SIDL                                         (abs)        000E6D
_RXF1EIDH                                          (abs)        000EE6
_RXF1EIDL                                          (abs)        000EE7
_RXF1SIDH                                          (abs)        000EE4
_RXF1SIDL                                          (abs)        000EE5
_RXF2EIDH                                          (abs)        000EEA
_RXF2EIDL                                          (abs)        000EEB
_RXF2SIDH                                          (abs)        000EE8
_RXF2SIDL                                          (abs)        000EE9
_RXF3EIDH                                          (abs)        000EEE
_RXF3EIDL                                          (abs)        000EEF
_RXF3SIDH                                          (abs)        000EEC
_RXF3SIDL                                          (abs)        000EED
_RXF4EIDH                                          (abs)        000EF2
_RXF4EIDL                                          (abs)        000EF3
_RXF4SIDH                                          (abs)        000EF0
_RXF4SIDL                                          (abs)        000EF1
_RXF5EIDH                                          (abs)        000EF6
_RXF5EIDL                                          (abs)        000EF7
_RXF5SIDH                                          (abs)        000EF4
_RXF5SIDL                                          (abs)        000EF5
_RXF6EIDH                                          (abs)        000E4A
_RXF6EIDL                                          (abs)        000E4B
_RXF6SIDH                                          (abs)        000E48
_RXF6SIDL                                          (abs)        000E49
_RXF7EIDH                                          (abs)        000E4E
_RXF7EIDL                                          (abs)        000E4F
_RXF7SIDH                                          (abs)        000E4C
_RXF7SIDL                                          (abs)        000E4D
_RXF8EIDH                                          (abs)        000E52
_RXF8EIDL                                          (abs)        000E53
_RXF8SIDH                                          (abs)        000E50
_RXF8SIDL                                          (abs)        000E51
_RXF9EIDH                                          (abs)        000E56
_RXF9EIDL                                          (abs)        000E57
_RXF9SIDH                                          (abs)        000E54
_RXF9SIDL                                          (abs)        000E55
_RXFBCON0                                          (abs)        000E71
_RXFBCON1                                          (abs)        000E72
_RXFBCON2                                          (abs)        000E73
_RXFBCON3                                          (abs)        000E74
_RXFBCON4                                          (abs)        000E75
_RXFBCON5                                          (abs)        000E76
_RXFBCON6                                          (abs)        000E77
_RXFBCON7                                          (abs)        000E78
_RXFCON0                                           (abs)        000E46
_RXFCON1                                           (abs)        000E47
_RXM0EIDH                                          (abs)        000EFA
_RXM0EIDL                                          (abs)        000EFB
_RXM0SIDH                                          (abs)        000EF8
_RXM0SIDL                                          (abs)        000EF9
_RXM1EIDH                                          (abs)        000EFE
_RXM1EIDL                                          (abs)        000EFF
_RXM1SIDH                                          (abs)        000EFC
_RXM1SIDL                                          (abs)        000EFD
_SPBRG1                                            (abs)        000FAF
_SPBRGH1                                           (abs)        000F7D
_SYSTEM_Initialize                                 text21       001AB2
_TRISA                                             (abs)        000F92
_TRISB                                             (abs)        000F93
_TRISC                                             (abs)        000F94
_TRISD                                             (abs)        000F95
_TRISE                                             (abs)        000F96
_TXB0CONbits                                       (abs)        000F20
_TXB0D0                                            (abs)        000F26
_TXB0D1                                            (abs)        000F27
_TXB0D2                                            (abs)        000F28
_TXB0D3                                            (abs)        000F29
_TXB0D4                                            (abs)        000F2A
_TXB0D5                                            (abs)        000F2B
_TXB0D6                                            (abs)        000F2C
_TXB0D7                                            (abs)        000F2D
_TXB0DLC                                           (abs)        000F25
_TXB0EIDH                                          (abs)        000F23
_TXB0EIDL                                          (abs)        000F24
_TXB0SIDH                                          (abs)        000F21
_TXB0SIDL                                          (abs)        000F22
_TXB1CONbits                                       (abs)        000F10
_TXB1D0                                            (abs)        000F16
_TXB1D1                                            (abs)        000F17
_TXB1D2                                            (abs)        000F18
_TXB1D3                                            (abs)        000F19
_TXB1D4                                            (abs)        000F1A
_TXB1D5                                            (abs)        000F1B
_TXB1D6                                            (abs)        000F1C
_TXB1D7                                            (abs)        000F1D
_TXB1DLC                                           (abs)        000F15
_TXB1EIDH                                          (abs)        000F13
_TXB1EIDL                                          (abs)        000F14
_TXB1SIDH                                          (abs)        000F11
_TXB1SIDL                                          (abs)        000F12
_TXB2CONbits                                       (abs)        000F00
_TXB2D0                                            (abs)        000F06
_TXB2D1                                            (abs)        000F07
_TXB2D2                                            (abs)        000F08
_TXB2D3                                            (abs)        000F09
_TXB2D4                                            (abs)        000F0A
_TXB2D5                                            (abs)        000F0B
_TXB2D6                                            (abs)        000F0C
_TXB2D7                                            (abs)        000F0D
_TXB2DLC                                           (abs)        000F05
_TXB2EIDH                                          (abs)        000F03
_TXB2EIDL                                          (abs)        000F04
_TXB2SIDH                                          (abs)        000F01
_TXB2SIDL                                          (abs)        000F02
_TXREG1                                            (abs)        000FAD
_TXSTA1                                            (abs)        000FAC
_TXSTA1bits                                        (abs)        000FAC
_WPUB                                              (abs)        000F5B
_WakeUpDefaultInterruptHandler                     text36       001B06
_WakeUpInterruptHandler                            bssCOMRAM    00001B
__HRAM                                             (abs)        000000
__Habs1                                            abs1         000000
__Hbank0                                           bank0        000000
__Hbank1                                           bank1        000000
__Hbank10                                          bank10       000000
__Hbank11                                          bank11       000000
__Hbank12                                          bank12       000000
__Hbank13                                          bank13       000000
__Hbank14                                          bank14       000000
__Hbank2                                           bank2        000000
__Hbank3                                           bank3        000000
__Hbank4                                           bank4        000000
__Hbank5                                           bank5        000000
__Hbank6                                           bank6        000000
__Hbank7                                           bank7        000000
__Hbank8                                           bank8        000000
__Hbank9                                           bank9        000000
__Hbigbss                                          bigbss       000000
__Hbigdata                                         bigdata      000000
__Hbigram                                          bigram       000000
__Hbigsfr                                          bigsfr       000000
__Hbss                                             bss          000000
__HbssBANK0                                        bssBANK0     000000
__HbssCOMRAM                                       bssCOMRAM    000000
__Hcinit                                           cinit        000000
__Hclrtext                                         clrtext      000000
__Hcomram                                          comram       000000
__Hconfig                                          config       30000E
__Hconst                                           const        000000
__HcstackBANK0                                     cstackBANK0  000000
__HcstackCOMRAM                                    cstackCOMRAM 000000
__Hdata                                            data         000000
__Heeprom_data                                     eeprom_data  000000
__Hfarbss                                          farbss       000000
__Hfardata                                         fardata      000000
__Hheap                                            heap         000000
__Hibigdata                                        ibigdata     000000
__Hidata                                           idata        000000
__Hidloc                                           idloc        200008
__Hifardata                                        ifardata     000000
__Hinit                                            init         000050
__Hintcode                                         intcode      00004C
__Hintcode_body                                    intcode_body 000000
__Hintcodelo                                       intcodelo    00004C
__Hintentry                                        intentry     000000
__Hintret                                          intret       000000
__Hintsave_regs                                    intsave_regs 000000
__Hirdata                                          irdata       000000
__Hmediumconst                                     mediumconst  000000
__HnvBANK0                                         nvBANK0      000000
__HnvCOMRAM                                        nvCOMRAM     000000
__HnvFARRAM                                        nvFARRAM     000000
__Hnvbit                                           nvbit        000000
__Hnvrram                                          nvrram       000000
__Hparam                                           rparam       000000
__Hpowerup                                         powerup      00004C
__Hram                                             ram          000000
__Hramtop                                          ramtop       000F00
__Hrbit                                            rbit         000000
__Hrbss                                            rbss         000000
__Hrdata                                           rdata        000000
__Hreset_vec                                       reset_vec    000004
__Hrparam                                          rparam       000000
__Hsfr                                             sfr          000000
__Hsmallconst                                      smallconst   000000
__Hspace_0                                         (abs)        001B08
__Hspace_1                                         (abs)        0000C8
__Hspace_2                                         (abs)        000000
__Hspace_4                                         (abs)        60000E
__Hstack                                           stack        000000
__Hstruct                                          struct       000000
__Htemp                                            temp         00005B
__Htext                                            text         000000
__Htext0                                           text0        000000
__Htext1                                           text1        000000
__Htext10                                          text10       000000
__Htext11                                          text11       000000
__Htext12                                          text12       000000
__Htext13                                          text13       000000
__Htext14                                          text14       000000
__Htext15                                          text15       000000
__Htext16                                          text16       000000
__Htext17                                          text17       000000
__Htext18                                          text18       000000
__Htext19                                          text19       000000
__Htext2                                           text2        000000
__Htext20                                          text20       000000
__Htext21                                          text21       000000
__Htext22                                          text22       000000
__Htext23                                          text23       000000
__Htext24                                          text24       000000
__Htext25                                          text25       000000
__Htext26                                          text26       000000
__Htext27                                          text27       000000
__Htext28                                          text28       000000
__Htext29                                          text29       000000
__Htext3                                           text3        000000
__Htext30                                          text30       000000
__Htext31                                          text31       000000
__Htext32                                          text32       000000
__Htext33                                          text33       000000
__Htext35                                          text35       000000
__Htext36                                          text36       000000
__Htext37                                          text37       000000
__Htext4                                           text4        000000
__Htext5                                           text5        000000
__Htext6                                           text6        000000
__Htext7                                           text7        000000
__Htext8                                           text8        000000
__Htext9                                           text9        000000
__LRAM                                             (abs)        000001
__Labs1                                            abs1         000000
__Lbank0                                           bank0        000000
__Lbank1                                           bank1        000000
__Lbank10                                          bank10       000000
__Lbank11                                          bank11       000000
__Lbank12                                          bank12       000000
__Lbank13                                          bank13       000000
__Lbank14                                          bank14       000000
__Lbank2                                           bank2        000000
__Lbank3                                           bank3        000000
__Lbank4                                           bank4        000000
__Lbank5                                           bank5        000000
__Lbank6                                           bank6        000000
__Lbank7                                           bank7        000000
__Lbank8                                           bank8        000000
__Lbank9                                           bank9        000000
__Lbigbss                                          bigbss       000000
__Lbigdata                                         bigdata      000000
__Lbigram                                          bigram       000000
__Lbigsfr                                          bigsfr       000000
__Lbss                                             bss          000000
__LbssBANK0                                        bssBANK0     000000
__LbssCOMRAM                                       bssCOMRAM    000000
__Lcinit                                           cinit        000000
__Lclrtext                                         clrtext      000000
__Lcomram                                          comram       000000
__Lconfig                                          config       000000
__Lconst                                           const        000000
__LcstackBANK0                                     cstackBANK0  000000
__LcstackCOMRAM                                    cstackCOMRAM 000000
__Ldata                                            data         000000
__Leeprom_data                                     eeprom_data  000000
__Lfarbss                                          farbss       000000
__Lfardata                                         fardata      000000
__Lheap                                            heap         000000
__Libigdata                                        ibigdata     000000
__Lidata                                           idata        000000
__Lidloc                                           idloc        000000
__Lifardata                                        ifardata     000000
__Linit                                            init         00004C
__Lintcode                                         intcode      000008
__Lintcode_body                                    intcode_body 000000
__Lintcodelo                                       intcodelo    00004C
__Lintentry                                        intentry     000000
__Lintret                                          intret       000000
__Lintsave_regs                                    intsave_regs 000000
__Lirdata                                          irdata       000000
__Lmediumconst                                     mediumconst  000000
__LnvBANK0                                         nvBANK0      000000
__LnvCOMRAM                                        nvCOMRAM     000000
__LnvFARRAM                                        nvFARRAM     000000
__Lnvbit                                           nvbit        000000
__Lnvrram                                          nvrram       000000
__Lparam                                           rparam       000000
__Lpowerup                                         powerup      00004C
__Lram                                             ram          000000
__Lramtop                                          ramtop       000F00
__Lrbit                                            rbit         000000
__Lrbss                                            rbss         000000
__Lrdata                                           rdata        000000
__Lreset_vec                                       reset_vec    000000
__Lrparam                                          rparam       000000
__Lsfr                                             sfr          000000
__Lsmallconst                                      smallconst   000000
__Lspace_0                                         (abs)        000000
__Lspace_1                                         (abs)        000000
__Lspace_2                                         (abs)        000000
__Lspace_4                                         (abs)        000000
__Lstack                                           stack        000000
__Lstruct                                          struct       000000
__Ltemp                                            temp         00005A
__Ltext                                            text         000000
__Ltext0                                           text0        000000
__Ltext1                                           text1        000000
__Ltext10                                          text10       000000
__Ltext11                                          text11       000000
__Ltext12                                          text12       000000
__Ltext13                                          text13       000000
__Ltext14                                          text14       000000
__Ltext15                                          text15       000000
__Ltext16                                          text16       000000
__Ltext17                                          text17       000000
__Ltext18                                          text18       000000
__Ltext19                                          text19       000000
__Ltext2                                           text2        000000
__Ltext20                                          text20       000000
__Ltext21                                          text21       000000
__Ltext22                                          text22       000000
__Ltext23                                          text23       000000
__Ltext24                                          text24       000000
__Ltext25                                          text25       000000
__Ltext26                                          text26       000000
__Ltext27                                          text27       000000
__Ltext28                                          text28       000000
__Ltext29                                          text29       000000
__Ltext3                                           text3        000000
__Ltext30                                          text30       000000
__Ltext31                                          text31       000000
__Ltext32                                          text32       000000
__Ltext33                                          text33       000000
__Ltext35                                          text35       000000
__Ltext36                                          text36       000000
__Ltext37                                          text37       000000
__Ltext4                                           text4        000000
__Ltext5                                           text5        000000
__Ltext6                                           text6        000000
__Ltext7                                           text7        000000
__Ltext8                                           text8        000000
__Ltext9                                           text9        000000
__S0                                               (abs)        001B08
__S1                                               (abs)        0000C8
__S4                                               (abs)        000000
__S5                                               (abs)        000000
___heap_hi                                         (abs)        000000
___heap_lo                                         (abs)        000000
___inthi_sp                                        stack        000000
___intlo_sp                                        stack        000000
___param_bank                                      (abs)        000000
___rparam_used                                     (abs)        000001
___sp                                              stack        000000
__accesstop                                        (abs)        000060
__activetblptr                                     (abs)        000002
__end_of_CAN_receive                               text31       000B5A
__end_of_CAN_transmit                              text19       000906
__end_of_ECAN_Initialize                           text29       000CFE
__end_of_ECAN_SetWakeUpInterruptHandler            text30       001B02
__end_of_ECAN_WAKI_ISR                             text35       001A9C
__end_of_EUSART1_Initialize                        text25       00199C
__end_of_EUSART1_SetErrorHandler                   text28       001AF8
__end_of_EUSART1_SetFramingErrorHandler            text27       001AEE
__end_of_EUSART1_SetOverrunErrorHandler            text26       001AE4
__end_of_EUSART1_Write                             text14       001AB2
__end_of_INTERRUPT_Initialize                      text24       001B06
__end_of_INTERRUPT_InterruptManager                intcode      00004C
__end_of_OSCILLATOR_Initialize                     text23       001ADA
__end_of_PIN_MANAGER_Initialize                    text22       0019D4
__end_of_SYSTEM_Initialize                         text21       001AC8
__end_of_WakeUpDefaultInterruptHandler             text36       001B08
__end_of__initialization                           cinit        001A70
__end_of_auxBattConn                               text13       00186C
__end_of_batterySOC                                text12       0017D4
__end_of_batterySOCGraphic                         text11       00173C
__end_of_batteryTemp                               text10       0016A4
__end_of_canHazardSignal                           text18       001A58
__end_of_canLeftSignal                             text17       001A2C
__end_of_canRightSignal                            text16       001A00
__end_of_convertCANid2Reg                          text20       000E72
__end_of_convertReg2ExtendedCANid                  text33       000FAC
__end_of_convertReg2StandardCANid                  text32       00195E
__end_of_hazardButton                              text15       00127C
__end_of_hazardSignal                              text9        00160C
__end_of_init                                      text3        0018E6
__end_of_leftTurnButton                            text2        00118C
__end_of_leftTurnIndicator                         text8        001574
__end_of_main                                      text0        0005EC
__end_of_motorControllerTemp                       text7        0014DC
__end_of_motorSpeed                                text6        001444
__end_of_rightTurnButton                           text1        00109C
__end_of_rightTurnIndicator                        text5        0013AC
__end_of_warningLED                                text4        001314
__initialization                                   cinit        001A58
__mediumconst                                      mediumconst  000000
__pbssBANK0                                        bssBANK0     000060
__pbssCOMRAM                                       bssCOMRAM    000001
__pcinit                                           cinit        001A58
__pcstackBANK0                                     cstackBANK0  0000C2
__pcstackCOMRAM                                    cstackCOMRAM 000038
__pintcode                                         intcode      000008
__pnvBANK0                                         nvBANK0      0000C6
__pnvCOMRAM                                        nvCOMRAM     000056
__ptext0                                           text0        000050
__ptext1                                           text1        000FAC
__ptext10                                          text10       00160C
__ptext11                                          text11       0016A4
__ptext12                                          text12       00173C
__ptext13                                          text13       0017D4
__ptext14                                          text14       001A9C
__ptext15                                          text15       00118C
__ptext16                                          text16       0019D4
__ptext17                                          text17       001A00
__ptext18                                          text18       001A2C
__ptext19                                          text19       0005EC
__ptext2                                           text2        00109C
__ptext20                                          text20       000CFE
__ptext21                                          text21       001AB2
__ptext22                                          text22       00199C
__ptext23                                          text23       001AC8
__ptext24                                          text24       001B02
__ptext25                                          text25       00195E
__ptext26                                          text26       001ADA
__ptext27                                          text27       001AE4
__ptext28                                          text28       001AEE
__ptext29                                          text29       000B5A
__ptext3                                           text3        00186C
__ptext30                                          text30       001AF8
__ptext31                                          text31       000906
__ptext32                                          text32       0018E6
__ptext33                                          text33       000E72
__ptext35                                          text35       001A7E
__ptext36                                          text36       001B06
__ptext37                                          text37       000000
__ptext4                                           text4        00127C
__ptext5                                           text5        001314
__ptext6                                           text6        0013AC
__ptext7                                           text7        001444
__ptext8                                           text8        0014DC
__ptext9                                           text9        001574
__ramtop                                           ramtop       000F00
__smallconst                                       smallconst   000000
_auxBattConn                                       text13       0017D4
_b10FuncActive                                     bssCOMRAM    00002E
_b1FuncActive                                      bssCOMRAM    000036
_b2FuncActive                                      bssCOMRAM    000032
_b3FuncActive                                      bssCOMRAM    000011
_b4FuncActive                                      bssCOMRAM    00000F
_b5FuncActive                                      bssCOMRAM    00000D
_b6FuncActive                                      bssCOMRAM    00000B
_b7FuncActive                                      bssCOMRAM    000009
_b8FuncActive                                      bssCOMRAM    000007
_b9FuncActive                                      bssCOMRAM    000005
_batterySOC                                        text12       00173C
_batterySOCGraphic                                 text11       0016A4
_batteryTemp                                       text10       00160C
_blinkb1                                           bssCOMRAM    000017
_blinkb10                                          bssCOMRAM    000001
_blinkb2                                           bssCOMRAM    000013
_canHazardSignal                                   text18       001A2C
_canLeftSignal                                     text17       001A00
_canRightSignal                                    text16       0019D4
_convertCANid2Reg                                  text20       000CFE
_convertReg2ExtendedCANid                          text33       000E72
_convertReg2StandardCANid                          text32       0018E6
_eusart1RxLastError                                bssCOMRAM    00001D
_hazardButton                                      text15       00118C
_hazardSignal                                      text9        001574
_init                                              text3        00186C
_lastb1                                            bssCOMRAM    000019
_lastb10                                           bssCOMRAM    000003
_lastb2                                            bssCOMRAM    000015
_latchb1                                           bssCOMRAM    000034
_latchb10                                          bssCOMRAM    00002C
_latchb2                                           bssCOMRAM    000030
_leftTurnButton                                    text2        00109C
_leftTurnIndicator                                 text8        0014DC
_main                                              text0        000050
_motorControllerTemp                               text7        001444
_motorSpeed                                        text6        0013AC
_rightTurnButton                                   text1        000FAC
_rightTurnIndicator                                text5        001314
_rx                                                bssCOMRAM    00001E
_tx1                                               bssBANK0     0000B4
_tx2                                               bssBANK0     0000A6
_tx3                                               bssBANK0     000098
_tx4                                               bssBANK0     00008A
_tx5                                               bssBANK0     00007C
_tx6                                               bssBANK0     00006E
_tx7                                               bssBANK0     000060
_warningLED                                        text4        00127C
auxBattConn@checksum                               cstackCOMRAM 00003E
auxBattConn@v2                                     cstackCOMRAM 000040
auxBattConn@v3                                     cstackCOMRAM 000042
auxBattConn@v4                                     cstackCOMRAM 000044
auxBattConn@value                                  cstackCOMRAM 00003B
batterySOC@checksum                                cstackCOMRAM 00003E
batterySOC@v2                                      cstackCOMRAM 000040
batterySOC@v3                                      cstackCOMRAM 000042
batterySOC@v4                                      cstackCOMRAM 000044
batterySOC@value                                   cstackCOMRAM 00003B
batterySOCGraphic@checksum                         cstackCOMRAM 00003E
batterySOCGraphic@v2                               cstackCOMRAM 000040
batterySOCGraphic@v3                               cstackCOMRAM 000042
batterySOCGraphic@v4                               cstackCOMRAM 000044
batterySOCGraphic@value                            cstackCOMRAM 00003B
batteryTemp@checksum                               cstackCOMRAM 00003E
batteryTemp@v2                                     cstackCOMRAM 000040
batteryTemp@v3                                     cstackCOMRAM 000042
batteryTemp@v4                                     cstackCOMRAM 000044
batteryTemp@value                                  cstackCOMRAM 00003B
btemp                                              temp         00005A
canHazardSignal@number                             cstackCOMRAM 000052
canLeftSignal@number                               cstackCOMRAM 000052
canRightSignal@number                              cstackCOMRAM 000052
convertCANid2Reg@canIdType                         cstackCOMRAM 00003E
convertCANid2Reg@passedInEIDH                      cstackCOMRAM 00003F
convertCANid2Reg@passedInEIDL                      cstackCOMRAM 000041
convertCANid2Reg@passedInSIDH                      cstackCOMRAM 000043
convertCANid2Reg@passedInSIDL                      cstackCOMRAM 000045
convertCANid2Reg@tempPassedInID                    cstackCOMRAM 00003A
convertCANid2Reg@wipSIDL                           cstackCOMRAM 00004B
convertReg2ExtendedCANid@CAN_standardLo_ID_hi3bits cstackCOMRAM 000048
convertReg2ExtendedCANid@CAN_standardLo_ID_lo2bits cstackCOMRAM 000047
convertReg2ExtendedCANid@ConvertedID               cstackCOMRAM 000049
convertReg2ExtendedCANid@returnValue               cstackCOMRAM 000043
convertReg2ExtendedCANid@tempRXBn_EIDH             cstackCOMRAM 000042
convertReg2ExtendedCANid@tempRXBn_EIDL             cstackCOMRAM 00003A
convertReg2ExtendedCANid@tempRXBn_SIDH             cstackCOMRAM 00003B
convertReg2ExtendedCANid@tempRXBn_SIDL             cstackCOMRAM 00003C
convertReg2StandardCANid@ConvertedID               cstackCOMRAM 000045
convertReg2StandardCANid@returnValue               cstackCOMRAM 000041
convertReg2StandardCANid@tempRXBn_SIDH             cstackCOMRAM 000040
convertReg2StandardCANid@tempRXBn_SIDL             cstackCOMRAM 00003A
end_of_initialization                              cinit        001A70
hazardButton@b2FunctionActive                      cstackCOMRAM 00003A
hazardButton@b2Latch                               cstackCOMRAM 00003C
hazardSignal@checksum                              cstackCOMRAM 00003E
hazardSignal@v2                                    cstackCOMRAM 000040
hazardSignal@v3                                    cstackCOMRAM 000042
hazardSignal@v4                                    cstackCOMRAM 000044
hazardSignal@value                                 cstackCOMRAM 00003B
int$flags                                          temp         00005A
intlevel0                                          text         000000
intlevel1                                          text         000000
intlevel2                                          text         000000
intlevel3                                          text         000000
isa$std                                            (abs)        000001
isa$xinst                                          (abs)        000000
leftTurnButton@b1FunctionActive                    cstackCOMRAM 00003A
leftTurnButton@b1Latch                             cstackCOMRAM 00003C
leftTurnIndicator@checksum                         cstackCOMRAM 00003E
leftTurnIndicator@v2                               cstackCOMRAM 000040
leftTurnIndicator@v3                               cstackCOMRAM 000042
leftTurnIndicator@v4                               cstackCOMRAM 000044
leftTurnIndicator@value                            cstackCOMRAM 00003B
main@counter                                       cstackBANK0  0000C2
main@speed                                         cstackBANK0  0000C4
motorControllerTemp@checksum                       cstackCOMRAM 00003E
motorControllerTemp@v2                             cstackCOMRAM 000040
motorControllerTemp@v3                             cstackCOMRAM 000042
motorControllerTemp@v4                             cstackCOMRAM 000044
motorControllerTemp@value                          cstackCOMRAM 00003B
motorSpeed@checksum                                cstackCOMRAM 00003E
motorSpeed@v2                                      cstackCOMRAM 000040
motorSpeed@v3                                      cstackCOMRAM 000042
motorSpeed@v4                                      cstackCOMRAM 000044
motorSpeed@value                                   cstackCOMRAM 00003B
rightTurnButton@b10FunctionActive                  cstackCOMRAM 00003A
rightTurnButton@b10Latch                           cstackCOMRAM 00003C
rightTurnIndicator@checksum                        cstackCOMRAM 00003E
rightTurnIndicator@v2                              cstackCOMRAM 000040
rightTurnIndicator@v3                              cstackCOMRAM 000042
rightTurnIndicator@v4                              cstackCOMRAM 000044
rightTurnIndicator@value                           cstackCOMRAM 00003B
stackhi                                            (abs)        000000
stacklo                                            (abs)        000000
start                                              init         00004C
start_initialization                               cinit        001A58
ttemp5                                             temp         00005B
ttemp6                                             temp         00005E
ttemp7                                             temp         000062
warningLED@checksum                                cstackCOMRAM 00003E
warningLED@v2                                      cstackCOMRAM 000040
warningLED@v3                                      cstackCOMRAM 000042
warningLED@v4                                      cstackCOMRAM 000044
warningLED@value                                   cstackCOMRAM 00003B
wtemp8                                             temp         00005B


MODULE INFORMATION

Module		Function		Class		Link	Load	Size
mcc_generated_files/interrupt_manager.c
		_INTERRUPT_Initialize		CODE           	1B02	0000	4
		_INTERRUPT_InterruptManager		CODE           	0008	0000	68

mcc_generated_files/interrupt_manager.c estimated size: 72

mcc_generated_files/pin_manager.c
		_PIN_MANAGER_Initialize		CODE           	199C	0000	56

mcc_generated_files/pin_manager.c estimated size: 56

button_functionality.c
		_leftTurnButton		CODE           	109C	0000	240
		_hazardButton  		CODE           	118C	0000	240
		_rightTurnButton		CODE           	0FAC	0000	240

button_functionality.c estimated size: 720

mcc_generated_files/ecan.c
		_ECAN_SetWakeUpInterruptHandler		CODE           	1AF8	0000	10
		_CAN_receive   		CODE           	0906	0000	596
		_ECAN_Initialize		CODE           	0B5A	0000	420
		_convertReg2ExtendedCANid		CODE           	0E72	0000	314
		_CAN_transmit  		CODE           	05EC	0000	794
		_convertReg2StandardCANid		CODE           	18E6	0000	120
		_WakeUpDefaultInterruptHandler		CODE           	1B06	0000	2
		_convertCANid2Reg		CODE           	0CFE	0000	372
		_ECAN_WAKI_ISR 		CODE           	1A7E	0000	30

mcc_generated_files/ecan.c estimated size: 2658

shared
		__initialization		CODE           	1A58	0000	24

shared estimated size: 24

mcc_generated_files/eusart1.c
		_EUSART1_Initialize		CODE           	195E	0000	62
		_EUSART1_SetFramingErrorHandler		CODE           	1AE4	0000	10
		_EUSART1_SetOverrunErrorHandler		CODE           	1ADA	0000	10
		_EUSART1_SetErrorHandler		CODE           	1AEE	0000	10
		_EUSART1_Write 		CODE           	1A9C	0000	22

mcc_generated_files/eusart1.c estimated size: 114

mcc_generated_files/mcc.c
		_OSCILLATOR_Initialize		CODE           	1AC8	0000	18
		_SYSTEM_Initialize		CODE           	1AB2	0000	22

mcc_generated_files/mcc.c estimated size: 40

can_interface.c
		_canHazardSignal		CODE           	1A2C	0000	44
		_canRightSignal		CODE           	19D4	0000	44
		_canLeftSignal 		CODE           	1A00	0000	44

can_interface.c estimated size: 132

main.c
		_main          		CODE           	0050	0000	1436

main.c estimated size: 1436

uart_interface.c
		_batterySOC    		CODE           	173C	0000	152
		_hazardSignal  		CODE           	1574	0000	152
		_batteryTemp   		CODE           	160C	0000	152
		_init          		CODE           	186C	0000	122
		_rightTurnIndicator		CODE           	1314	0000	152
		_batterySOCGraphic		CODE           	16A4	0000	152
		_leftTurnIndicator		CODE           	14DC	0000	152
		_motorSpeed    		CODE           	13AC	0000	152
		_motorControllerTemp		CODE           	1444	0000	152
		_warningLED    		CODE           	127C	0000	152
		_auxBattConn   		CODE           	17D4	0000	152

uart_interface.c estimated size: 1642

